Archive member included because of file (symbol)

c:/winavr-20090313/bin/../lib/gcc/avr/4.3.2/avr6\libgcc.a(_udivmodhi4.o)
                              obj\Debug\main.o (__udivmodhi4)
c:/winavr-20090313/bin/../lib/gcc/avr/4.3.2/avr6\libgcc.a(_exit.o)
                              c:/winavr-20090313/bin/../lib/gcc/avr/4.3.2/../../../../avr/lib/avr6/crtm2560.o (exit)
c:/winavr-20090313/bin/../lib/gcc/avr/4.3.2/avr6\libgcc.a(_clear_bss.o)
                              obj\Debug\main.o (__do_clear_bss)
c:/winavr-20090313/bin/../lib/gcc/avr/4.3.2/avr6\libgcc.a(_fixunssfsi.o)
                              obj\Debug\main.o (__fixunssfsi)
c:/winavr-20090313/bin/../lib/gcc/avr/4.3.2/avr6\libgcc.a(_addsub_sf.o)
                              c:/winavr-20090313/bin/../lib/gcc/avr/4.3.2/avr6\libgcc.a(_fixunssfsi.o) (__subsf3)
c:/winavr-20090313/bin/../lib/gcc/avr/4.3.2/avr6\libgcc.a(_mul_sf.o)
                              obj\Debug\main.o (__mulsf3)
c:/winavr-20090313/bin/../lib/gcc/avr/4.3.2/avr6\libgcc.a(_div_sf.o)
                              obj\Debug\main.o (__divsf3)
c:/winavr-20090313/bin/../lib/gcc/avr/4.3.2/avr6\libgcc.a(_gt_sf.o)
                              obj\Debug\main.o (__gtsf2)
c:/winavr-20090313/bin/../lib/gcc/avr/4.3.2/avr6\libgcc.a(_ge_sf.o)
                              c:/winavr-20090313/bin/../lib/gcc/avr/4.3.2/avr6\libgcc.a(_fixunssfsi.o) (__gesf2)
c:/winavr-20090313/bin/../lib/gcc/avr/4.3.2/avr6\libgcc.a(_lt_sf.o)
                              obj\Debug\main.o (__ltsf2)
c:/winavr-20090313/bin/../lib/gcc/avr/4.3.2/avr6\libgcc.a(_si_to_sf.o)
                              obj\Debug\main.o (__floatsisf)
c:/winavr-20090313/bin/../lib/gcc/avr/4.3.2/avr6\libgcc.a(_sf_to_si.o)
                              obj\Debug\main.o (__fixsfsi)
c:/winavr-20090313/bin/../lib/gcc/avr/4.3.2/avr6\libgcc.a(_thenan_sf.o)
                              c:/winavr-20090313/bin/../lib/gcc/avr/4.3.2/avr6\libgcc.a(_addsub_sf.o) (__thenan_sf)
c:/winavr-20090313/bin/../lib/gcc/avr/4.3.2/avr6\libgcc.a(_usi_to_sf.o)
                              obj\Debug\main.o (__floatunsisf)
c:/winavr-20090313/bin/../lib/gcc/avr/4.3.2/avr6\libgcc.a(_prologue.o)
                              c:/winavr-20090313/bin/../lib/gcc/avr/4.3.2/avr6\libgcc.a(_addsub_sf.o) (__prologue_saves__)
c:/winavr-20090313/bin/../lib/gcc/avr/4.3.2/avr6\libgcc.a(_epilogue.o)
                              c:/winavr-20090313/bin/../lib/gcc/avr/4.3.2/avr6\libgcc.a(_addsub_sf.o) (__epilogue_restores__)
c:/winavr-20090313/bin/../lib/gcc/avr/4.3.2/avr6\libgcc.a(_clzsi2.o)
                              c:/winavr-20090313/bin/../lib/gcc/avr/4.3.2/avr6\libgcc.a(_si_to_sf.o) (__clzsi2)
c:/winavr-20090313/bin/../lib/gcc/avr/4.3.2/avr6\libgcc.a(_pack_sf.o)
                              c:/winavr-20090313/bin/../lib/gcc/avr/4.3.2/avr6\libgcc.a(_addsub_sf.o) (__pack_f)
c:/winavr-20090313/bin/../lib/gcc/avr/4.3.2/avr6\libgcc.a(_unpack_sf.o)
                              c:/winavr-20090313/bin/../lib/gcc/avr/4.3.2/avr6\libgcc.a(_addsub_sf.o) (__unpack_f)
c:/winavr-20090313/bin/../lib/gcc/avr/4.3.2/avr6\libgcc.a(_fpcmp_parts_sf.o)
                              c:/winavr-20090313/bin/../lib/gcc/avr/4.3.2/avr6\libgcc.a(_gt_sf.o) (__fpcmp_parts_f)
c:/winavr-20090313/bin/../lib/gcc/avr/4.3.2/avr6\libgcc.a(_clz.o)
                              c:/winavr-20090313/bin/../lib/gcc/avr/4.3.2/avr6\libgcc.a(_clzsi2.o) (__clz_tab)

Allocating common symbols
Common symbol       size              file

leftSpeed           0x2               obj\Debug\main.o
million             0x2               obj\Debug\main.o
temp                0x2               obj\Debug\main.o
sensorLeft          0x2               obj\Debug\main.o
tens                0x2               obj\Debug\main.o
centre              0x2               obj\Debug\main.o
rightSpeed          0x2               obj\Debug\main.o
hundred             0x2               obj\Debug\main.o
sensorRight         0x2               obj\Debug\main.o
unit                0x2               obj\Debug\main.o
thousand            0x2               obj\Debug\main.o

Memory Configuration

Name             Origin             Length             Attributes
text             0x00000000         0x00100000         xr
data             0x00800200         0x0000fe00         rw !x
eeprom           0x00810000         0x00010000         rw !x
fuse             0x00820000         0x00000400         rw !x
lock             0x00830000         0x00000400         rw !x
signature        0x00840000         0x00000400         rw !x
*default*        0x00000000         0xffffffff

Linker script and memory map

Address of section .data set to 0x800200
LOAD c:/winavr-20090313/bin/../lib/gcc/avr/4.3.2/../../../../avr/lib/avr6/crtm2560.o
LOAD obj\Debug\fuse.o
LOAD obj\Debug\main.o
LOAD c:/winavr-20090313/bin/../lib/gcc/avr/4.3.2/avr6\libgcc.a
LOAD C:\WinAVR-20090313\avr\lib\libm.a
LOAD c:/winavr-20090313/bin/../lib/gcc/avr/4.3.2/avr6\libgcc.a
LOAD C:\WinAVR-20090313\avr\lib\libc.a
LOAD c:/winavr-20090313/bin/../lib/gcc/avr/4.3.2/avr6\libgcc.a

.hash
 *(.hash)

.dynsym
 *(.dynsym)

.dynstr
 *(.dynstr)

.gnu.version
 *(.gnu.version)

.gnu.version_d
 *(.gnu.version_d)

.gnu.version_r
 *(.gnu.version_r)

.rel.init
 *(.rel.init)

.rela.init
 *(.rela.init)

.rel.text
 *(.rel.text)
 *(.rel.text.*)
 *(.rel.gnu.linkonce.t*)

.rela.text
 *(.rela.text)
 *(.rela.text.*)
 *(.rela.gnu.linkonce.t*)

.rel.fini
 *(.rel.fini)

.rela.fini
 *(.rela.fini)

.rel.rodata
 *(.rel.rodata)
 *(.rel.rodata.*)
 *(.rel.gnu.linkonce.r*)

.rela.rodata
 *(.rela.rodata)
 *(.rela.rodata.*)
 *(.rela.gnu.linkonce.r*)

.rel.data
 *(.rel.data)
 *(.rel.data.*)
 *(.rel.gnu.linkonce.d*)

.rela.data
 *(.rela.data)
 *(.rela.data.*)
 *(.rela.gnu.linkonce.d*)

.rel.ctors
 *(.rel.ctors)

.rela.ctors
 *(.rela.ctors)

.rel.dtors
 *(.rel.dtors)

.rela.dtors
 *(.rela.dtors)

.rel.got
 *(.rel.got)

.rela.got
 *(.rela.got)

.rel.bss
 *(.rel.bss)

.rela.bss
 *(.rela.bss)

.rel.plt
 *(.rel.plt)

.rela.plt
 *(.rela.plt)

.text           0x00000000     0x41ea
 *(.vectors)
 .vectors       0x00000000       0xe4 c:/winavr-20090313/bin/../lib/gcc/avr/4.3.2/../../../../avr/lib/avr6/crtm2560.o
                0x00000000                __vectors
                0x00000000                __vector_default
 *(.vectors)
 *(.progmem.gcc*)
 *(.progmem*)
                0x000000e4                . = ALIGN (0x2)
                0x000000e4                __trampolines_start = .
 *(.trampolines)
 .trampolines   0x000000e4        0x0 linker stubs
 *(.trampolines*)
                0x000000e4                __trampolines_end = .
 *(.jumptables)
 *(.jumptables*)
 *(.lowtext)
 *(.lowtext*)
                0x000000e4                __ctors_start = .
 *(.ctors)
                0x000000e4                __ctors_end = .
                0x000000e4                __dtors_start = .
 *(.dtors)
                0x000000e4                __dtors_end = .
 SORT(*)(.ctors)
 SORT(*)(.dtors)
 *(.init0)
 .init0         0x000000e4        0x0 c:/winavr-20090313/bin/../lib/gcc/avr/4.3.2/../../../../avr/lib/avr6/crtm2560.o
                0x000000e4                __init
 *(.init0)
 *(.init1)
 *(.init1)
 *(.init2)
 .init2         0x000000e4       0x10 c:/winavr-20090313/bin/../lib/gcc/avr/4.3.2/../../../../avr/lib/avr6/crtm2560.o
 *(.init2)
 *(.init3)
 *(.init3)
 *(.init4)
 .init4         0x000000f4       0x1a c:/winavr-20090313/bin/../lib/gcc/avr/4.3.2/../../../../avr/lib/avr6/crtm2560.o
                0x000000f4                __do_copy_data
 .init4         0x0000010e       0x10 c:/winavr-20090313/bin/../lib/gcc/avr/4.3.2/avr6\libgcc.a(_clear_bss.o)
                0x0000010e                __do_clear_bss
 *(.init4)
 *(.init5)
 *(.init5)
 *(.init6)
 *(.init6)
 *(.init7)
 *(.init7)
 *(.init8)
 *(.init8)
 *(.init9)
 .init9         0x0000011e        0x8 c:/winavr-20090313/bin/../lib/gcc/avr/4.3.2/../../../../avr/lib/avr6/crtm2560.o
 *(.init9)
 *(.text)
 .text          0x00000126        0x4 c:/winavr-20090313/bin/../lib/gcc/avr/4.3.2/../../../../avr/lib/avr6/crtm2560.o
                0x00000126                __vector_38
                0x00000126                __vector_22
                0x00000126                __vector_28
                0x00000126                __vector_1
                0x00000126                __vector_32
                0x00000126                __vector_34
                0x00000126                __vector_24
                0x00000126                __vector_12
                0x00000126                __vector_55
                0x00000126                __vector_46
                0x00000126                __bad_interrupt
                0x00000126                __vector_31
                0x00000126                __vector_35
                0x00000126                __vector_39
                0x00000126                __vector_3
                0x00000126                __vector_23
                0x00000126                __vector_30
                0x00000126                __vector_45
                0x00000126                __vector_25
                0x00000126                __vector_11
                0x00000126                __vector_54
                0x00000126                __vector_13
                0x00000126                __vector_17
                0x00000126                __vector_19
                0x00000126                __vector_56
                0x00000126                __vector_7
                0x00000126                __vector_49
                0x00000126                __vector_41
                0x00000126                __vector_43
                0x00000126                __vector_27
                0x00000126                __vector_33
                0x00000126                __vector_47
                0x00000126                __vector_52
                0x00000126                __vector_37
                0x00000126                __vector_4
                0x00000126                __vector_44
                0x00000126                __vector_51
                0x00000126                __vector_9
                0x00000126                __vector_2
                0x00000126                __vector_21
                0x00000126                __vector_15
                0x00000126                __vector_36
                0x00000126                __vector_29
                0x00000126                __vector_40
                0x00000126                __vector_8
                0x00000126                __vector_26
                0x00000126                __vector_48
                0x00000126                __vector_14
                0x00000126                __vector_53
                0x00000126                __vector_10
                0x00000126                __vector_50
                0x00000126                __vector_16
                0x00000126                __vector_18
                0x00000126                __vector_20
                0x00000126                __vector_42
 .text          0x0000012a        0x0 obj\Debug\fuse.o
 .text          0x0000012a     0x31ce obj\Debug\main.o
                0x00000922                soft_right
                0x000004c4                back
                0x0000012a                timer5_init
                0x00000222                right_encoder_pin_config
                0x00000a56                soft_left_2
                0x000002a8                set_motors
                0x00000936                soft_right_degrees
                0x000003cc                forward_mm
                0x000001b2                motion_pin_config
                0x000002ce                __vector_6
                0x000004d8                back_mm
                0x000006c6                right
                0x00002f96                line_follow_mm
                0x0000059e                left
                0x00000db8                lcd_port_config
                0x00001e86                lcd_home
                0x00000da2                set_lcd
                0x0000024c                left_position_encoder_interrupt_init
                0x00001bc0                lcd_wr_char
                0x00001e9a                lcd_string
                0x00000802                soft_left_degrees
                0x00001f5c                lcd_print
                0x000005b2                left_degrees
                0x00000324                __vector_5
                0x000003b8                forward
                0x0000190c                lcd_wr_command
                0x00000188                velocity
                0x00001ed4                lcd_cursor
                0x00000b9e                right_degrees_2
                0x000006da                right_degrees
                0x00000d2e                ADC_Conversion
                0x000017e0                lcd_init
                0x00002124                main
                0x0000027a                right_position_encoder_interrupt_init
                0x00000cd2                adc_pin_config
                0x00000cf8                set_ADC
                0x0000037a                motion_set
                0x000007ee                soft_left
                0x00000de2                lcd_set_4bit
                0x000001f8                left_encoder_pin_config
                0x00000a6a                soft_left_degrees_2
                0x00000cbe                stop
                0x00000b8a                soft_right_2
 .text          0x000032f8        0x0 c:/winavr-20090313/bin/../lib/gcc/avr/4.3.2/avr6\libgcc.a(_udivmodhi4.o)
 .text          0x000032f8        0x0 c:/winavr-20090313/bin/../lib/gcc/avr/4.3.2/avr6\libgcc.a(_exit.o)
 .text          0x000032f8        0x0 c:/winavr-20090313/bin/../lib/gcc/avr/4.3.2/avr6\libgcc.a(_clear_bss.o)
 .text          0x000032f8       0x58 c:/winavr-20090313/bin/../lib/gcc/avr/4.3.2/avr6\libgcc.a(_fixunssfsi.o)
                0x000032f8                __fixunssfsi
 .text          0x00003350      0x354 c:/winavr-20090313/bin/../lib/gcc/avr/4.3.2/avr6\libgcc.a(_addsub_sf.o)
                0x000035e8                __subsf3
                0x0000364a                __addsf3
 .text          0x000036a4      0x1f4 c:/winavr-20090313/bin/../lib/gcc/avr/4.3.2/avr6\libgcc.a(_mul_sf.o)
                0x000036a4                __mulsf3
 .text          0x00003898      0x158 c:/winavr-20090313/bin/../lib/gcc/avr/4.3.2/avr6\libgcc.a(_div_sf.o)
                0x00003898                __divsf3
 .text          0x000039f0       0x60 c:/winavr-20090313/bin/../lib/gcc/avr/4.3.2/avr6\libgcc.a(_gt_sf.o)
                0x000039f0                __gtsf2
 .text          0x00003a50       0x60 c:/winavr-20090313/bin/../lib/gcc/avr/4.3.2/avr6\libgcc.a(_ge_sf.o)
                0x00003a50                __gesf2
 .text          0x00003ab0       0x60 c:/winavr-20090313/bin/../lib/gcc/avr/4.3.2/avr6\libgcc.a(_lt_sf.o)
                0x00003ab0                __ltsf2
 .text          0x00003b10       0xbc c:/winavr-20090313/bin/../lib/gcc/avr/4.3.2/avr6\libgcc.a(_si_to_sf.o)
                0x00003b10                __floatsisf
 .text          0x00003bcc       0xa8 c:/winavr-20090313/bin/../lib/gcc/avr/4.3.2/avr6\libgcc.a(_sf_to_si.o)
                0x00003bcc                __fixsfsi
 .text          0x00003c74        0x0 c:/winavr-20090313/bin/../lib/gcc/avr/4.3.2/avr6\libgcc.a(_thenan_sf.o)
 .text          0x00003c74       0xf2 c:/winavr-20090313/bin/../lib/gcc/avr/4.3.2/avr6\libgcc.a(_usi_to_sf.o)
                0x00003c74                __floatunsisf
 .text          0x00003d66        0x0 c:/winavr-20090313/bin/../lib/gcc/avr/4.3.2/avr6\libgcc.a(_prologue.o)
 .text          0x00003d66        0x0 c:/winavr-20090313/bin/../lib/gcc/avr/4.3.2/avr6\libgcc.a(_epilogue.o)
 .text          0x00003d66       0x9e c:/winavr-20090313/bin/../lib/gcc/avr/4.3.2/avr6\libgcc.a(_clzsi2.o)
                0x00003d66                __clzsi2
 .text          0x00003e04      0x1aa c:/winavr-20090313/bin/../lib/gcc/avr/4.3.2/avr6\libgcc.a(_pack_sf.o)
                0x00003e04                __pack_f
 .text          0x00003fae       0xf0 c:/winavr-20090313/bin/../lib/gcc/avr/4.3.2/avr6\libgcc.a(_unpack_sf.o)
                0x00003fae                __unpack_f
 .text          0x0000409e       0xb2 c:/winavr-20090313/bin/../lib/gcc/avr/4.3.2/avr6\libgcc.a(_fpcmp_parts_sf.o)
                0x0000409e                __fpcmp_parts_f
 .text          0x00004150        0x0 c:/winavr-20090313/bin/../lib/gcc/avr/4.3.2/avr6\libgcc.a(_clz.o)
                0x00004150                . = ALIGN (0x2)
 *(.text.*)
 .text.libgcc   0x00004150       0x28 c:/winavr-20090313/bin/../lib/gcc/avr/4.3.2/avr6\libgcc.a(_udivmodhi4.o)
                0x00004150                __udivmodhi4
 .text.libgcc   0x00004178        0x0 c:/winavr-20090313/bin/../lib/gcc/avr/4.3.2/avr6\libgcc.a(_exit.o)
 .text.libgcc   0x00004178        0x0 c:/winavr-20090313/bin/../lib/gcc/avr/4.3.2/avr6\libgcc.a(_clear_bss.o)
 .text.libgcc   0x00004178       0x38 c:/winavr-20090313/bin/../lib/gcc/avr/4.3.2/avr6\libgcc.a(_prologue.o)
                0x00004178                __prologue_saves__
 .text.libgcc   0x000041b0       0x36 c:/winavr-20090313/bin/../lib/gcc/avr/4.3.2/avr6\libgcc.a(_epilogue.o)
                0x000041b0                __epilogue_restores__
                0x000041e6                . = ALIGN (0x2)
 *(.fini9)
 .fini9         0x000041e6        0x0 c:/winavr-20090313/bin/../lib/gcc/avr/4.3.2/avr6\libgcc.a(_exit.o)
                0x000041e6                exit
                0x000041e6                _exit
 *(.fini9)
 *(.fini8)
 *(.fini8)
 *(.fini7)
 *(.fini7)
 *(.fini6)
 *(.fini6)
 *(.fini5)
 *(.fini5)
 *(.fini4)
 *(.fini4)
 *(.fini3)
 *(.fini3)
 *(.fini2)
 *(.fini2)
 *(.fini1)
 *(.fini1)
 *(.fini0)
 .fini0         0x000041e6        0x4 c:/winavr-20090313/bin/../lib/gcc/avr/4.3.2/avr6\libgcc.a(_exit.o)
 *(.fini0)
                0x000041ea                _etext = .

.data           0x00800200      0x10a load address 0x000041ea
                0x00800200                PROVIDE (__data_start, .)
 *(.data)
 .data          0x00800200        0x0 c:/winavr-20090313/bin/../lib/gcc/avr/4.3.2/../../../../avr/lib/avr6/crtm2560.o
 .data          0x00800200        0x0 obj\Debug\fuse.o
 .data          0x00800200        0x2 obj\Debug\main.o
                0x00800200                kp
 .data          0x00800202        0x0 c:/winavr-20090313/bin/../lib/gcc/avr/4.3.2/avr6\libgcc.a(_udivmodhi4.o)
 .data          0x00800202        0x0 c:/winavr-20090313/bin/../lib/gcc/avr/4.3.2/avr6\libgcc.a(_exit.o)
 .data          0x00800202        0x0 c:/winavr-20090313/bin/../lib/gcc/avr/4.3.2/avr6\libgcc.a(_clear_bss.o)
 .data          0x00800202        0x0 c:/winavr-20090313/bin/../lib/gcc/avr/4.3.2/avr6\libgcc.a(_fixunssfsi.o)
 .data          0x00800202        0x0 c:/winavr-20090313/bin/../lib/gcc/avr/4.3.2/avr6\libgcc.a(_addsub_sf.o)
 .data          0x00800202        0x0 c:/winavr-20090313/bin/../lib/gcc/avr/4.3.2/avr6\libgcc.a(_mul_sf.o)
 .data          0x00800202        0x0 c:/winavr-20090313/bin/../lib/gcc/avr/4.3.2/avr6\libgcc.a(_div_sf.o)
 .data          0x00800202        0x0 c:/winavr-20090313/bin/../lib/gcc/avr/4.3.2/avr6\libgcc.a(_gt_sf.o)
 .data          0x00800202        0x0 c:/winavr-20090313/bin/../lib/gcc/avr/4.3.2/avr6\libgcc.a(_ge_sf.o)
 .data          0x00800202        0x0 c:/winavr-20090313/bin/../lib/gcc/avr/4.3.2/avr6\libgcc.a(_lt_sf.o)
 .data          0x00800202        0x0 c:/winavr-20090313/bin/../lib/gcc/avr/4.3.2/avr6\libgcc.a(_si_to_sf.o)
 .data          0x00800202        0x0 c:/winavr-20090313/bin/../lib/gcc/avr/4.3.2/avr6\libgcc.a(_sf_to_si.o)
 .data          0x00800202        0x8 c:/winavr-20090313/bin/../lib/gcc/avr/4.3.2/avr6\libgcc.a(_thenan_sf.o)
                0x00800202                __thenan_sf
 .data          0x0080020a        0x0 c:/winavr-20090313/bin/../lib/gcc/avr/4.3.2/avr6\libgcc.a(_usi_to_sf.o)
 .data          0x0080020a        0x0 c:/winavr-20090313/bin/../lib/gcc/avr/4.3.2/avr6\libgcc.a(_prologue.o)
 .data          0x0080020a        0x0 c:/winavr-20090313/bin/../lib/gcc/avr/4.3.2/avr6\libgcc.a(_epilogue.o)
 .data          0x0080020a        0x0 c:/winavr-20090313/bin/../lib/gcc/avr/4.3.2/avr6\libgcc.a(_clzsi2.o)
 .data          0x0080020a        0x0 c:/winavr-20090313/bin/../lib/gcc/avr/4.3.2/avr6\libgcc.a(_pack_sf.o)
 .data          0x0080020a        0x0 c:/winavr-20090313/bin/../lib/gcc/avr/4.3.2/avr6\libgcc.a(_unpack_sf.o)
 .data          0x0080020a        0x0 c:/winavr-20090313/bin/../lib/gcc/avr/4.3.2/avr6\libgcc.a(_fpcmp_parts_sf.o)
 .data          0x0080020a      0x100 c:/winavr-20090313/bin/../lib/gcc/avr/4.3.2/avr6\libgcc.a(_clz.o)
                0x0080020a                __clz_tab
 *(.data*)
 *(.rodata)
 *(.rodata*)
 *(.gnu.linkonce.d*)
                0x0080030a                . = ALIGN (0x2)
                0x0080030a                _edata = .
                0x0080030a                PROVIDE (__data_end, .)

.bss            0x0080030a       0x24
                0x0080030a                PROVIDE (__bss_start, .)
 *(.bss)
 .bss           0x0080030a        0x0 c:/winavr-20090313/bin/../lib/gcc/avr/4.3.2/../../../../avr/lib/avr6/crtm2560.o
 .bss           0x0080030a        0x0 obj\Debug\fuse.o
 .bss           0x0080030a        0xe obj\Debug\main.o
                0x00800316                node
                0x0080030e                ShaftCountRight
                0x00800314                lastError
                0x00800312                error
                0x0080030a                ShaftCountLeft
 .bss           0x00800318        0x0 c:/winavr-20090313/bin/../lib/gcc/avr/4.3.2/avr6\libgcc.a(_udivmodhi4.o)
 .bss           0x00800318        0x0 c:/winavr-20090313/bin/../lib/gcc/avr/4.3.2/avr6\libgcc.a(_exit.o)
 .bss           0x00800318        0x0 c:/winavr-20090313/bin/../lib/gcc/avr/4.3.2/avr6\libgcc.a(_clear_bss.o)
 .bss           0x00800318        0x0 c:/winavr-20090313/bin/../lib/gcc/avr/4.3.2/avr6\libgcc.a(_fixunssfsi.o)
 .bss           0x00800318        0x0 c:/winavr-20090313/bin/../lib/gcc/avr/4.3.2/avr6\libgcc.a(_addsub_sf.o)
 .bss           0x00800318        0x0 c:/winavr-20090313/bin/../lib/gcc/avr/4.3.2/avr6\libgcc.a(_mul_sf.o)
 .bss           0x00800318        0x0 c:/winavr-20090313/bin/../lib/gcc/avr/4.3.2/avr6\libgcc.a(_div_sf.o)
 .bss           0x00800318        0x0 c:/winavr-20090313/bin/../lib/gcc/avr/4.3.2/avr6\libgcc.a(_gt_sf.o)
 .bss           0x00800318        0x0 c:/winavr-20090313/bin/../lib/gcc/avr/4.3.2/avr6\libgcc.a(_ge_sf.o)
 .bss           0x00800318        0x0 c:/winavr-20090313/bin/../lib/gcc/avr/4.3.2/avr6\libgcc.a(_lt_sf.o)
 .bss           0x00800318        0x0 c:/winavr-20090313/bin/../lib/gcc/avr/4.3.2/avr6\libgcc.a(_si_to_sf.o)
 .bss           0x00800318        0x0 c:/winavr-20090313/bin/../lib/gcc/avr/4.3.2/avr6\libgcc.a(_sf_to_si.o)
 .bss           0x00800318        0x0 c:/winavr-20090313/bin/../lib/gcc/avr/4.3.2/avr6\libgcc.a(_thenan_sf.o)
 .bss           0x00800318        0x0 c:/winavr-20090313/bin/../lib/gcc/avr/4.3.2/avr6\libgcc.a(_usi_to_sf.o)
 .bss           0x00800318        0x0 c:/winavr-20090313/bin/../lib/gcc/avr/4.3.2/avr6\libgcc.a(_prologue.o)
 .bss           0x00800318        0x0 c:/winavr-20090313/bin/../lib/gcc/avr/4.3.2/avr6\libgcc.a(_epilogue.o)
 .bss           0x00800318        0x0 c:/winavr-20090313/bin/../lib/gcc/avr/4.3.2/avr6\libgcc.a(_clzsi2.o)
 .bss           0x00800318        0x0 c:/winavr-20090313/bin/../lib/gcc/avr/4.3.2/avr6\libgcc.a(_pack_sf.o)
 .bss           0x00800318        0x0 c:/winavr-20090313/bin/../lib/gcc/avr/4.3.2/avr6\libgcc.a(_unpack_sf.o)
 .bss           0x00800318        0x0 c:/winavr-20090313/bin/../lib/gcc/avr/4.3.2/avr6\libgcc.a(_fpcmp_parts_sf.o)
 .bss           0x00800318        0x0 c:/winavr-20090313/bin/../lib/gcc/avr/4.3.2/avr6\libgcc.a(_clz.o)
 *(.bss*)
 *(COMMON)
 COMMON         0x00800318       0x16 obj\Debug\main.o
                0x00800318                leftSpeed
                0x0080031a                million
                0x0080031c                temp
                0x0080031e                sensorLeft
                0x00800320                tens
                0x00800322                centre
                0x00800324                rightSpeed
                0x00800326                hundred
                0x00800328                sensorRight
                0x0080032a                unit
                0x0080032c                thousand
                0x0080032e                PROVIDE (__bss_end, .)
                0x000041ea                __data_load_start = LOADADDR (.data)
                0x000042f4                __data_load_end = (__data_load_start + SIZEOF (.data))

.noinit         0x0080032e        0x0
                0x0080032e                PROVIDE (__noinit_start, .)
 *(.noinit*)
                0x0080032e                PROVIDE (__noinit_end, .)
                0x0080032e                _end = .
                0x0080032e                PROVIDE (__heap_start, .)

.eeprom         0x00810000        0x0
 *(.eeprom*)
                0x00810000                __eeprom_end = .

.fuse           0x00820000        0x3
 *(.fuse)
 .fuse          0x00820000        0x3 obj\Debug\fuse.o
                0x00820000                __fuse
 *(.lfuse)
 *(.hfuse)
 *(.efuse)

.lock
 *(.lock*)

.signature
 *(.signature*)

.stab
 *(.stab)

.stabstr
 *(.stabstr)

.stab.excl
 *(.stab.excl)

.stab.exclstr
 *(.stab.exclstr)

.stab.index
 *(.stab.index)

.stab.indexstr
 *(.stab.indexstr)

.comment
 *(.comment)

.debug
 *(.debug)

.line
 *(.line)

.debug_srcinfo
 *(.debug_srcinfo)

.debug_sfnames
 *(.debug_sfnames)

.debug_aranges  0x00000000       0x20
 *(.debug_aranges)
 .debug_aranges
                0x00000000       0x20 obj\Debug\main.o

.debug_pubnames
                0x00000000      0x3ee
 *(.debug_pubnames)
 .debug_pubnames
                0x00000000       0x1d obj\Debug\fuse.o
 .debug_pubnames
                0x0000001d      0x3d1 obj\Debug\main.o

.debug_info     0x00000000      0xf6f
 *(.debug_info)
 .debug_info    0x00000000       0xae obj\Debug\fuse.o
 .debug_info    0x000000ae      0xec1 obj\Debug\main.o
 *(.gnu.linkonce.wi.*)

.debug_abbrev   0x00000000      0x23b
 *(.debug_abbrev)
 .debug_abbrev  0x00000000       0x73 obj\Debug\fuse.o
 .debug_abbrev  0x00000073      0x1c8 obj\Debug\main.o

.debug_line     0x00000000     0x1789
 *(.debug_line)
 .debug_line    0x00000000       0x78 obj\Debug\fuse.o
 .debug_line    0x00000078     0x1711 obj\Debug\main.o

.debug_frame    0x00000000      0x2c0
 *(.debug_frame)
 .debug_frame   0x00000000      0x2c0 obj\Debug\main.o

.debug_str      0x00000000      0x40e
 *(.debug_str)
 .debug_str     0x00000000       0x8f obj\Debug\fuse.o
                                 0xc3 (size before relaxing)
 .debug_str     0x0000008f      0x37f obj\Debug\main.o
                                0x450 (size before relaxing)

.debug_loc
 *(.debug_loc)

.debug_macinfo
 *(.debug_macinfo)
OUTPUT(bin\Debug\lineFollow5.elf elf32-avr)
LOAD linker stubs

Cross Reference Table

Symbol                                            File
ADC_Conversion                                    obj\Debug\main.o
ShaftCountLeft                                    obj\Debug\main.o
ShaftCountRight                                   obj\Debug\main.o
__addsf3                                          c:/winavr-20090313/bin/../lib/gcc/avr/4.3.2/avr6\libgcc.a(_addsub_sf.o)
                                                  obj\Debug\main.o
__bad_interrupt                                   c:/winavr-20090313/bin/../lib/gcc/avr/4.3.2/../../../../avr/lib/avr6/crtm2560.o
__bss_end                                         c:/winavr-20090313/bin/../lib/gcc/avr/4.3.2/avr6\libgcc.a(_clear_bss.o)
__bss_start                                       c:/winavr-20090313/bin/../lib/gcc/avr/4.3.2/avr6\libgcc.a(_clear_bss.o)
__clz_tab                                         c:/winavr-20090313/bin/../lib/gcc/avr/4.3.2/avr6\libgcc.a(_clz.o)
                                                  c:/winavr-20090313/bin/../lib/gcc/avr/4.3.2/avr6\libgcc.a(_clzsi2.o)
__clzsi2                                          c:/winavr-20090313/bin/../lib/gcc/avr/4.3.2/avr6\libgcc.a(_clzsi2.o)
                                                  c:/winavr-20090313/bin/../lib/gcc/avr/4.3.2/avr6\libgcc.a(_usi_to_sf.o)
                                                  c:/winavr-20090313/bin/../lib/gcc/avr/4.3.2/avr6\libgcc.a(_si_to_sf.o)
__data_end                                        c:/winavr-20090313/bin/../lib/gcc/avr/4.3.2/../../../../avr/lib/avr6/crtm2560.o
__data_load_start                                 c:/winavr-20090313/bin/../lib/gcc/avr/4.3.2/../../../../avr/lib/avr6/crtm2560.o
__data_start                                      c:/winavr-20090313/bin/../lib/gcc/avr/4.3.2/../../../../avr/lib/avr6/crtm2560.o
__divsf3                                          c:/winavr-20090313/bin/../lib/gcc/avr/4.3.2/avr6\libgcc.a(_div_sf.o)
                                                  obj\Debug\main.o
__do_clear_bss                                    c:/winavr-20090313/bin/../lib/gcc/avr/4.3.2/avr6\libgcc.a(_clear_bss.o)
                                                  obj\Debug\main.o
__do_copy_data                                    c:/winavr-20090313/bin/../lib/gcc/avr/4.3.2/../../../../avr/lib/avr6/crtm2560.o
                                                  c:/winavr-20090313/bin/../lib/gcc/avr/4.3.2/avr6\libgcc.a(_clz.o)
                                                  c:/winavr-20090313/bin/../lib/gcc/avr/4.3.2/avr6\libgcc.a(_thenan_sf.o)
                                                  obj\Debug\main.o
__epilogue_restores__                             c:/winavr-20090313/bin/../lib/gcc/avr/4.3.2/avr6\libgcc.a(_epilogue.o)
                                                  c:/winavr-20090313/bin/../lib/gcc/avr/4.3.2/avr6\libgcc.a(_usi_to_sf.o)
                                                  c:/winavr-20090313/bin/../lib/gcc/avr/4.3.2/avr6\libgcc.a(_sf_to_si.o)
                                                  c:/winavr-20090313/bin/../lib/gcc/avr/4.3.2/avr6\libgcc.a(_si_to_sf.o)
                                                  c:/winavr-20090313/bin/../lib/gcc/avr/4.3.2/avr6\libgcc.a(_lt_sf.o)
                                                  c:/winavr-20090313/bin/../lib/gcc/avr/4.3.2/avr6\libgcc.a(_ge_sf.o)
                                                  c:/winavr-20090313/bin/../lib/gcc/avr/4.3.2/avr6\libgcc.a(_gt_sf.o)
                                                  c:/winavr-20090313/bin/../lib/gcc/avr/4.3.2/avr6\libgcc.a(_div_sf.o)
                                                  c:/winavr-20090313/bin/../lib/gcc/avr/4.3.2/avr6\libgcc.a(_mul_sf.o)
                                                  c:/winavr-20090313/bin/../lib/gcc/avr/4.3.2/avr6\libgcc.a(_addsub_sf.o)
__fixsfsi                                         c:/winavr-20090313/bin/../lib/gcc/avr/4.3.2/avr6\libgcc.a(_sf_to_si.o)
                                                  c:/winavr-20090313/bin/../lib/gcc/avr/4.3.2/avr6\libgcc.a(_fixunssfsi.o)
                                                  obj\Debug\main.o
__fixunssfsi                                      c:/winavr-20090313/bin/../lib/gcc/avr/4.3.2/avr6\libgcc.a(_fixunssfsi.o)
                                                  obj\Debug\main.o
__floatsisf                                       c:/winavr-20090313/bin/../lib/gcc/avr/4.3.2/avr6\libgcc.a(_si_to_sf.o)
                                                  obj\Debug\main.o
__floatunsisf                                     c:/winavr-20090313/bin/../lib/gcc/avr/4.3.2/avr6\libgcc.a(_usi_to_sf.o)
                                                  obj\Debug\main.o
__fpcmp_parts_f                                   c:/winavr-20090313/bin/../lib/gcc/avr/4.3.2/avr6\libgcc.a(_fpcmp_parts_sf.o)
                                                  c:/winavr-20090313/bin/../lib/gcc/avr/4.3.2/avr6\libgcc.a(_lt_sf.o)
                                                  c:/winavr-20090313/bin/../lib/gcc/avr/4.3.2/avr6\libgcc.a(_ge_sf.o)
                                                  c:/winavr-20090313/bin/../lib/gcc/avr/4.3.2/avr6\libgcc.a(_gt_sf.o)
__fuse                                            obj\Debug\fuse.o
__gesf2                                           c:/winavr-20090313/bin/../lib/gcc/avr/4.3.2/avr6\libgcc.a(_ge_sf.o)
                                                  c:/winavr-20090313/bin/../lib/gcc/avr/4.3.2/avr6\libgcc.a(_fixunssfsi.o)
__gtsf2                                           c:/winavr-20090313/bin/../lib/gcc/avr/4.3.2/avr6\libgcc.a(_gt_sf.o)
                                                  obj\Debug\main.o
__heap_end                                        c:/winavr-20090313/bin/../lib/gcc/avr/4.3.2/../../../../avr/lib/avr6/crtm2560.o
__init                                            c:/winavr-20090313/bin/../lib/gcc/avr/4.3.2/../../../../avr/lib/avr6/crtm2560.o
__ltsf2                                           c:/winavr-20090313/bin/../lib/gcc/avr/4.3.2/avr6\libgcc.a(_lt_sf.o)
                                                  obj\Debug\main.o
__mulsf3                                          c:/winavr-20090313/bin/../lib/gcc/avr/4.3.2/avr6\libgcc.a(_mul_sf.o)
                                                  obj\Debug\main.o
__pack_f                                          c:/winavr-20090313/bin/../lib/gcc/avr/4.3.2/avr6\libgcc.a(_pack_sf.o)
                                                  c:/winavr-20090313/bin/../lib/gcc/avr/4.3.2/avr6\libgcc.a(_usi_to_sf.o)
                                                  c:/winavr-20090313/bin/../lib/gcc/avr/4.3.2/avr6\libgcc.a(_si_to_sf.o)
                                                  c:/winavr-20090313/bin/../lib/gcc/avr/4.3.2/avr6\libgcc.a(_div_sf.o)
                                                  c:/winavr-20090313/bin/../lib/gcc/avr/4.3.2/avr6\libgcc.a(_mul_sf.o)
                                                  c:/winavr-20090313/bin/../lib/gcc/avr/4.3.2/avr6\libgcc.a(_addsub_sf.o)
__prologue_saves__                                c:/winavr-20090313/bin/../lib/gcc/avr/4.3.2/avr6\libgcc.a(_prologue.o)
                                                  c:/winavr-20090313/bin/../lib/gcc/avr/4.3.2/avr6\libgcc.a(_usi_to_sf.o)
                                                  c:/winavr-20090313/bin/../lib/gcc/avr/4.3.2/avr6\libgcc.a(_sf_to_si.o)
                                                  c:/winavr-20090313/bin/../lib/gcc/avr/4.3.2/avr6\libgcc.a(_si_to_sf.o)
                                                  c:/winavr-20090313/bin/../lib/gcc/avr/4.3.2/avr6\libgcc.a(_lt_sf.o)
                                                  c:/winavr-20090313/bin/../lib/gcc/avr/4.3.2/avr6\libgcc.a(_ge_sf.o)
                                                  c:/winavr-20090313/bin/../lib/gcc/avr/4.3.2/avr6\libgcc.a(_gt_sf.o)
                                                  c:/winavr-20090313/bin/../lib/gcc/avr/4.3.2/avr6\libgcc.a(_div_sf.o)
                                                  c:/winavr-20090313/bin/../lib/gcc/avr/4.3.2/avr6\libgcc.a(_mul_sf.o)
                                                  c:/winavr-20090313/bin/../lib/gcc/avr/4.3.2/avr6\libgcc.a(_addsub_sf.o)
__stack                                           c:/winavr-20090313/bin/../lib/gcc/avr/4.3.2/../../../../avr/lib/avr6/crtm2560.o
__subsf3                                          c:/winavr-20090313/bin/../lib/gcc/avr/4.3.2/avr6\libgcc.a(_addsub_sf.o)
                                                  c:/winavr-20090313/bin/../lib/gcc/avr/4.3.2/avr6\libgcc.a(_fixunssfsi.o)
__thenan_sf                                       c:/winavr-20090313/bin/../lib/gcc/avr/4.3.2/avr6\libgcc.a(_thenan_sf.o)
                                                  c:/winavr-20090313/bin/../lib/gcc/avr/4.3.2/avr6\libgcc.a(_div_sf.o)
                                                  c:/winavr-20090313/bin/../lib/gcc/avr/4.3.2/avr6\libgcc.a(_mul_sf.o)
                                                  c:/winavr-20090313/bin/../lib/gcc/avr/4.3.2/avr6\libgcc.a(_addsub_sf.o)
__udivmodhi4                                      c:/winavr-20090313/bin/../lib/gcc/avr/4.3.2/avr6\libgcc.a(_udivmodhi4.o)
                                                  obj\Debug\main.o
__unpack_f                                        c:/winavr-20090313/bin/../lib/gcc/avr/4.3.2/avr6\libgcc.a(_unpack_sf.o)
                                                  c:/winavr-20090313/bin/../lib/gcc/avr/4.3.2/avr6\libgcc.a(_sf_to_si.o)
                                                  c:/winavr-20090313/bin/../lib/gcc/avr/4.3.2/avr6\libgcc.a(_lt_sf.o)
                                                  c:/winavr-20090313/bin/../lib/gcc/avr/4.3.2/avr6\libgcc.a(_ge_sf.o)
                                                  c:/winavr-20090313/bin/../lib/gcc/avr/4.3.2/avr6\libgcc.a(_gt_sf.o)
                                                  c:/winavr-20090313/bin/../lib/gcc/avr/4.3.2/avr6\libgcc.a(_div_sf.o)
                                                  c:/winavr-20090313/bin/../lib/gcc/avr/4.3.2/avr6\libgcc.a(_mul_sf.o)
                                                  c:/winavr-20090313/bin/../lib/gcc/avr/4.3.2/avr6\libgcc.a(_addsub_sf.o)
__vector_1                                        c:/winavr-20090313/bin/../lib/gcc/avr/4.3.2/../../../../avr/lib/avr6/crtm2560.o
__vector_10                                       c:/winavr-20090313/bin/../lib/gcc/avr/4.3.2/../../../../avr/lib/avr6/crtm2560.o
__vector_11                                       c:/winavr-20090313/bin/../lib/gcc/avr/4.3.2/../../../../avr/lib/avr6/crtm2560.o
__vector_12                                       c:/winavr-20090313/bin/../lib/gcc/avr/4.3.2/../../../../avr/lib/avr6/crtm2560.o
__vector_13                                       c:/winavr-20090313/bin/../lib/gcc/avr/4.3.2/../../../../avr/lib/avr6/crtm2560.o
__vector_14                                       c:/winavr-20090313/bin/../lib/gcc/avr/4.3.2/../../../../avr/lib/avr6/crtm2560.o
__vector_15                                       c:/winavr-20090313/bin/../lib/gcc/avr/4.3.2/../../../../avr/lib/avr6/crtm2560.o
__vector_16                                       c:/winavr-20090313/bin/../lib/gcc/avr/4.3.2/../../../../avr/lib/avr6/crtm2560.o
__vector_17                                       c:/winavr-20090313/bin/../lib/gcc/avr/4.3.2/../../../../avr/lib/avr6/crtm2560.o
__vector_18                                       c:/winavr-20090313/bin/../lib/gcc/avr/4.3.2/../../../../avr/lib/avr6/crtm2560.o
__vector_19                                       c:/winavr-20090313/bin/../lib/gcc/avr/4.3.2/../../../../avr/lib/avr6/crtm2560.o
__vector_2                                        c:/winavr-20090313/bin/../lib/gcc/avr/4.3.2/../../../../avr/lib/avr6/crtm2560.o
__vector_20                                       c:/winavr-20090313/bin/../lib/gcc/avr/4.3.2/../../../../avr/lib/avr6/crtm2560.o
__vector_21                                       c:/winavr-20090313/bin/../lib/gcc/avr/4.3.2/../../../../avr/lib/avr6/crtm2560.o
__vector_22                                       c:/winavr-20090313/bin/../lib/gcc/avr/4.3.2/../../../../avr/lib/avr6/crtm2560.o
__vector_23                                       c:/winavr-20090313/bin/../lib/gcc/avr/4.3.2/../../../../avr/lib/avr6/crtm2560.o
__vector_24                                       c:/winavr-20090313/bin/../lib/gcc/avr/4.3.2/../../../../avr/lib/avr6/crtm2560.o
__vector_25                                       c:/winavr-20090313/bin/../lib/gcc/avr/4.3.2/../../../../avr/lib/avr6/crtm2560.o
__vector_26                                       c:/winavr-20090313/bin/../lib/gcc/avr/4.3.2/../../../../avr/lib/avr6/crtm2560.o
__vector_27                                       c:/winavr-20090313/bin/../lib/gcc/avr/4.3.2/../../../../avr/lib/avr6/crtm2560.o
__vector_28                                       c:/winavr-20090313/bin/../lib/gcc/avr/4.3.2/../../../../avr/lib/avr6/crtm2560.o
__vector_29                                       c:/winavr-20090313/bin/../lib/gcc/avr/4.3.2/../../../../avr/lib/avr6/crtm2560.o
__vector_3                                        c:/winavr-20090313/bin/../lib/gcc/avr/4.3.2/../../../../avr/lib/avr6/crtm2560.o
__vector_30                                       c:/winavr-20090313/bin/../lib/gcc/avr/4.3.2/../../../../avr/lib/avr6/crtm2560.o
__vector_31                                       c:/winavr-20090313/bin/../lib/gcc/avr/4.3.2/../../../../avr/lib/avr6/crtm2560.o
__vector_32                                       c:/winavr-20090313/bin/../lib/gcc/avr/4.3.2/../../../../avr/lib/avr6/crtm2560.o
__vector_33                                       c:/winavr-20090313/bin/../lib/gcc/avr/4.3.2/../../../../avr/lib/avr6/crtm2560.o
__vector_34                                       c:/winavr-20090313/bin/../lib/gcc/avr/4.3.2/../../../../avr/lib/avr6/crtm2560.o
__vector_35                                       c:/winavr-20090313/bin/../lib/gcc/avr/4.3.2/../../../../avr/lib/avr6/crtm2560.o
__vector_36                                       c:/winavr-20090313/bin/../lib/gcc/avr/4.3.2/../../../../avr/lib/avr6/crtm2560.o
__vector_37                                       c:/winavr-20090313/bin/../lib/gcc/avr/4.3.2/../../../../avr/lib/avr6/crtm2560.o
__vector_38                                       c:/winavr-20090313/bin/../lib/gcc/avr/4.3.2/../../../../avr/lib/avr6/crtm2560.o
__vector_39                                       c:/winavr-20090313/bin/../lib/gcc/avr/4.3.2/../../../../avr/lib/avr6/crtm2560.o
__vector_4                                        c:/winavr-20090313/bin/../lib/gcc/avr/4.3.2/../../../../avr/lib/avr6/crtm2560.o
__vector_40                                       c:/winavr-20090313/bin/../lib/gcc/avr/4.3.2/../../../../avr/lib/avr6/crtm2560.o
__vector_41                                       c:/winavr-20090313/bin/../lib/gcc/avr/4.3.2/../../../../avr/lib/avr6/crtm2560.o
__vector_42                                       c:/winavr-20090313/bin/../lib/gcc/avr/4.3.2/../../../../avr/lib/avr6/crtm2560.o
__vector_43                                       c:/winavr-20090313/bin/../lib/gcc/avr/4.3.2/../../../../avr/lib/avr6/crtm2560.o
__vector_44                                       c:/winavr-20090313/bin/../lib/gcc/avr/4.3.2/../../../../avr/lib/avr6/crtm2560.o
__vector_45                                       c:/winavr-20090313/bin/../lib/gcc/avr/4.3.2/../../../../avr/lib/avr6/crtm2560.o
__vector_46                                       c:/winavr-20090313/bin/../lib/gcc/avr/4.3.2/../../../../avr/lib/avr6/crtm2560.o
__vector_47                                       c:/winavr-20090313/bin/../lib/gcc/avr/4.3.2/../../../../avr/lib/avr6/crtm2560.o
__vector_48                                       c:/winavr-20090313/bin/../lib/gcc/avr/4.3.2/../../../../avr/lib/avr6/crtm2560.o
__vector_49                                       c:/winavr-20090313/bin/../lib/gcc/avr/4.3.2/../../../../avr/lib/avr6/crtm2560.o
__vector_5                                        obj\Debug\main.o
                                                  c:/winavr-20090313/bin/../lib/gcc/avr/4.3.2/../../../../avr/lib/avr6/crtm2560.o
__vector_50                                       c:/winavr-20090313/bin/../lib/gcc/avr/4.3.2/../../../../avr/lib/avr6/crtm2560.o
__vector_51                                       c:/winavr-20090313/bin/../lib/gcc/avr/4.3.2/../../../../avr/lib/avr6/crtm2560.o
__vector_52                                       c:/winavr-20090313/bin/../lib/gcc/avr/4.3.2/../../../../avr/lib/avr6/crtm2560.o
__vector_53                                       c:/winavr-20090313/bin/../lib/gcc/avr/4.3.2/../../../../avr/lib/avr6/crtm2560.o
__vector_54                                       c:/winavr-20090313/bin/../lib/gcc/avr/4.3.2/../../../../avr/lib/avr6/crtm2560.o
__vector_55                                       c:/winavr-20090313/bin/../lib/gcc/avr/4.3.2/../../../../avr/lib/avr6/crtm2560.o
__vector_56                                       c:/winavr-20090313/bin/../lib/gcc/avr/4.3.2/../../../../avr/lib/avr6/crtm2560.o
__vector_6                                        obj\Debug\main.o
                                                  c:/winavr-20090313/bin/../lib/gcc/avr/4.3.2/../../../../avr/lib/avr6/crtm2560.o
__vector_7                                        c:/winavr-20090313/bin/../lib/gcc/avr/4.3.2/../../../../avr/lib/avr6/crtm2560.o
__vector_8                                        c:/winavr-20090313/bin/../lib/gcc/avr/4.3.2/../../../../avr/lib/avr6/crtm2560.o
__vector_9                                        c:/winavr-20090313/bin/../lib/gcc/avr/4.3.2/../../../../avr/lib/avr6/crtm2560.o
__vector_default                                  c:/winavr-20090313/bin/../lib/gcc/avr/4.3.2/../../../../avr/lib/avr6/crtm2560.o
__vectors                                         c:/winavr-20090313/bin/../lib/gcc/avr/4.3.2/../../../../avr/lib/avr6/crtm2560.o
_exit                                             c:/winavr-20090313/bin/../lib/gcc/avr/4.3.2/avr6\libgcc.a(_exit.o)
adc_pin_config                                    obj\Debug\main.o
back                                              obj\Debug\main.o
back_mm                                           obj\Debug\main.o
centre                                            obj\Debug\main.o
error                                             obj\Debug\main.o
exit                                              c:/winavr-20090313/bin/../lib/gcc/avr/4.3.2/avr6\libgcc.a(_exit.o)
                                                  c:/winavr-20090313/bin/../lib/gcc/avr/4.3.2/../../../../avr/lib/avr6/crtm2560.o
forward                                           obj\Debug\main.o
forward_mm                                        obj\Debug\main.o
hundred                                           obj\Debug\main.o
kp                                                obj\Debug\main.o
lastError                                         obj\Debug\main.o
lcd_cursor                                        obj\Debug\main.o
lcd_home                                          obj\Debug\main.o
lcd_init                                          obj\Debug\main.o
lcd_port_config                                   obj\Debug\main.o
lcd_print                                         obj\Debug\main.o
lcd_set_4bit                                      obj\Debug\main.o
lcd_string                                        obj\Debug\main.o
lcd_wr_char                                       obj\Debug\main.o
lcd_wr_command                                    obj\Debug\main.o
left                                              obj\Debug\main.o
leftSpeed                                         obj\Debug\main.o
left_degrees                                      obj\Debug\main.o
left_encoder_pin_config                           obj\Debug\main.o
left_position_encoder_interrupt_init              obj\Debug\main.o
line_follow_mm                                    obj\Debug\main.o
main                                              obj\Debug\main.o
                                                  c:/winavr-20090313/bin/../lib/gcc/avr/4.3.2/../../../../avr/lib/avr6/crtm2560.o
million                                           obj\Debug\main.o
motion_pin_config                                 obj\Debug\main.o
motion_set                                        obj\Debug\main.o
node                                              obj\Debug\main.o
right                                             obj\Debug\main.o
rightSpeed                                        obj\Debug\main.o
right_degrees                                     obj\Debug\main.o
right_degrees_2                                   obj\Debug\main.o
right_encoder_pin_config                          obj\Debug\main.o
right_position_encoder_interrupt_init             obj\Debug\main.o
sensorLeft                                        obj\Debug\main.o
sensorRight                                       obj\Debug\main.o
set_ADC                                           obj\Debug\main.o
set_lcd                                           obj\Debug\main.o
set_motors                                        obj\Debug\main.o
soft_left                                         obj\Debug\main.o
soft_left_2                                       obj\Debug\main.o
soft_left_degrees                                 obj\Debug\main.o
soft_left_degrees_2                               obj\Debug\main.o
soft_right                                        obj\Debug\main.o
soft_right_2                                      obj\Debug\main.o
soft_right_degrees                                obj\Debug\main.o
stop                                              obj\Debug\main.o
temp                                              obj\Debug\main.o
tens                                              obj\Debug\main.o
thousand                                          obj\Debug\main.o
timer5_init                                       obj\Debug\main.o
unit                                              obj\Debug\main.o
velocity                                          obj\Debug\main.o
