Archive member included because of file (symbol)

c:/winavr-20100110/bin/../lib/gcc/avr/4.3.3/avr6\libgcc.a(_exit.o)
                              c:/winavr-20100110/bin/../lib/gcc/avr/4.3.3/../../../../avr/lib/avr6/crtm2560.o (exit)
c:/winavr-20100110/bin/../lib/gcc/avr/4.3.3/avr6\libgcc.a(_fixunssfsi.o)
                              obj\Debug\main.o (__fixunssfsi)
c:/winavr-20100110/bin/../lib/gcc/avr/4.3.3/avr6\libgcc.a(_addsub_sf.o)
                              c:/winavr-20100110/bin/../lib/gcc/avr/4.3.3/avr6\libgcc.a(_fixunssfsi.o) (__subsf3)
c:/winavr-20100110/bin/../lib/gcc/avr/4.3.3/avr6\libgcc.a(_mul_sf.o)
                              obj\Debug\main.o (__mulsf3)
c:/winavr-20100110/bin/../lib/gcc/avr/4.3.3/avr6\libgcc.a(_div_sf.o)
                              obj\Debug\main.o (__divsf3)
c:/winavr-20100110/bin/../lib/gcc/avr/4.3.3/avr6\libgcc.a(_gt_sf.o)
                              obj\Debug\main.o (__gtsf2)
c:/winavr-20100110/bin/../lib/gcc/avr/4.3.3/avr6\libgcc.a(_ge_sf.o)
                              c:/winavr-20100110/bin/../lib/gcc/avr/4.3.3/avr6\libgcc.a(_fixunssfsi.o) (__gesf2)
c:/winavr-20100110/bin/../lib/gcc/avr/4.3.3/avr6\libgcc.a(_lt_sf.o)
                              obj\Debug\main.o (__ltsf2)
c:/winavr-20100110/bin/../lib/gcc/avr/4.3.3/avr6\libgcc.a(_sf_to_si.o)
                              c:/winavr-20100110/bin/../lib/gcc/avr/4.3.3/avr6\libgcc.a(_fixunssfsi.o) (__fixsfsi)
c:/winavr-20100110/bin/../lib/gcc/avr/4.3.3/avr6\libgcc.a(_thenan_sf.o)
                              c:/winavr-20100110/bin/../lib/gcc/avr/4.3.3/avr6\libgcc.a(_addsub_sf.o) (__thenan_sf)
c:/winavr-20100110/bin/../lib/gcc/avr/4.3.3/avr6\libgcc.a(_usi_to_sf.o)
                              obj\Debug\main.o (__floatunsisf)
c:/winavr-20100110/bin/../lib/gcc/avr/4.3.3/avr6\libgcc.a(_prologue.o)
                              c:/winavr-20100110/bin/../lib/gcc/avr/4.3.3/avr6\libgcc.a(_addsub_sf.o) (__prologue_saves__)
c:/winavr-20100110/bin/../lib/gcc/avr/4.3.3/avr6\libgcc.a(_epilogue.o)
                              c:/winavr-20100110/bin/../lib/gcc/avr/4.3.3/avr6\libgcc.a(_addsub_sf.o) (__epilogue_restores__)
c:/winavr-20100110/bin/../lib/gcc/avr/4.3.3/avr6\libgcc.a(_clzsi2.o)
                              c:/winavr-20100110/bin/../lib/gcc/avr/4.3.3/avr6\libgcc.a(_usi_to_sf.o) (__clzsi2)
c:/winavr-20100110/bin/../lib/gcc/avr/4.3.3/avr6\libgcc.a(_pack_sf.o)
                              c:/winavr-20100110/bin/../lib/gcc/avr/4.3.3/avr6\libgcc.a(_addsub_sf.o) (__pack_f)
c:/winavr-20100110/bin/../lib/gcc/avr/4.3.3/avr6\libgcc.a(_unpack_sf.o)
                              c:/winavr-20100110/bin/../lib/gcc/avr/4.3.3/avr6\libgcc.a(_addsub_sf.o) (__unpack_f)
c:/winavr-20100110/bin/../lib/gcc/avr/4.3.3/avr6\libgcc.a(_fpcmp_parts_sf.o)
                              c:/winavr-20100110/bin/../lib/gcc/avr/4.3.3/avr6\libgcc.a(_gt_sf.o) (__fpcmp_parts_f)
c:/winavr-20100110/bin/../lib/gcc/avr/4.3.3/avr6\libgcc.a(_clz.o)
                              c:/winavr-20100110/bin/../lib/gcc/avr/4.3.3/avr6\libgcc.a(_clzsi2.o) (__clz_tab)

Memory Configuration

Name             Origin             Length             Attributes
text             0x00000000         0x00100000         xr
data             0x00800200         0x0000fe00         rw !x
eeprom           0x00810000         0x00010000         rw !x
fuse             0x00820000         0x00000400         rw !x
lock             0x00830000         0x00000400         rw !x
signature        0x00840000         0x00000400         rw !x
*default*        0x00000000         0xffffffff

Linker script and memory map

Address of section .data set to 0x800200
LOAD c:/winavr-20100110/bin/../lib/gcc/avr/4.3.3/../../../../avr/lib/avr6/crtm2560.o
LOAD obj\Debug\fuse.o
LOAD obj\Debug\main.o
LOAD c:/winavr-20100110/bin/../lib/gcc/avr/4.3.3/avr6\libgcc.a
LOAD C:\WinAVR-20100110\avr\lib\libm.a
LOAD c:/winavr-20100110/bin/../lib/gcc/avr/4.3.3/avr6\libgcc.a
LOAD C:\WinAVR-20100110\avr\lib\libc.a
LOAD c:/winavr-20100110/bin/../lib/gcc/avr/4.3.3/avr6\libgcc.a

.hash
 *(.hash)

.dynsym
 *(.dynsym)

.dynstr
 *(.dynstr)

.gnu.version
 *(.gnu.version)

.gnu.version_d
 *(.gnu.version_d)

.gnu.version_r
 *(.gnu.version_r)

.rel.init
 *(.rel.init)

.rela.init
 *(.rela.init)

.rel.text
 *(.rel.text)
 *(.rel.text.*)
 *(.rel.gnu.linkonce.t*)

.rela.text
 *(.rela.text)
 *(.rela.text.*)
 *(.rela.gnu.linkonce.t*)

.rel.fini
 *(.rel.fini)

.rela.fini
 *(.rela.fini)

.rel.rodata
 *(.rel.rodata)
 *(.rel.rodata.*)
 *(.rel.gnu.linkonce.r*)

.rela.rodata
 *(.rela.rodata)
 *(.rela.rodata.*)
 *(.rela.gnu.linkonce.r*)

.rel.data
 *(.rel.data)
 *(.rel.data.*)
 *(.rel.gnu.linkonce.d*)

.rela.data
 *(.rela.data)
 *(.rela.data.*)
 *(.rela.gnu.linkonce.d*)

.rel.ctors
 *(.rel.ctors)

.rela.ctors
 *(.rela.ctors)

.rel.dtors
 *(.rel.dtors)

.rela.dtors
 *(.rela.dtors)

.rel.got
 *(.rel.got)

.rela.got
 *(.rela.got)

.rel.bss
 *(.rel.bss)

.rela.bss
 *(.rela.bss)

.rel.plt
 *(.rel.plt)

.rela.plt
 *(.rela.plt)

.text           0x00000000     0x1a32
 *(.vectors)
 .vectors       0x00000000       0xe4 c:/winavr-20100110/bin/../lib/gcc/avr/4.3.3/../../../../avr/lib/avr6/crtm2560.o
                0x00000000                __vectors
                0x00000000                __vector_default
 *(.vectors)
 *(.progmem.gcc*)
 *(.progmem*)
                0x000000e4                . = ALIGN (0x2)
                0x000000e4                __trampolines_start = .
 *(.trampolines)
 .trampolines   0x000000e4        0x0 linker stubs
 *(.trampolines*)
                0x000000e4                __trampolines_end = .
 *(.jumptables)
 *(.jumptables*)
 *(.lowtext)
 *(.lowtext*)
                0x000000e4                __ctors_start = .
 *(.ctors)
                0x000000e4                __ctors_end = .
                0x000000e4                __dtors_start = .
 *(.dtors)
                0x000000e4                __dtors_end = .
 SORT(*)(.ctors)
 SORT(*)(.dtors)
 *(.init0)
 .init0         0x000000e4        0x0 c:/winavr-20100110/bin/../lib/gcc/avr/4.3.3/../../../../avr/lib/avr6/crtm2560.o
                0x000000e4                __init
 *(.init0)
 *(.init1)
 *(.init1)
 *(.init2)
 .init2         0x000000e4       0x10 c:/winavr-20100110/bin/../lib/gcc/avr/4.3.3/../../../../avr/lib/avr6/crtm2560.o
 *(.init2)
 *(.init3)
 *(.init3)
 *(.init4)
 .init4         0x000000f4       0x1a c:/winavr-20100110/bin/../lib/gcc/avr/4.3.3/../../../../avr/lib/avr6/crtm2560.o
                0x000000f4                __do_copy_data
 *(.init4)
 *(.init5)
 *(.init5)
 *(.init6)
 *(.init6)
 *(.init7)
 *(.init7)
 *(.init8)
 *(.init8)
 *(.init9)
 .init9         0x0000010e        0x8 c:/winavr-20100110/bin/../lib/gcc/avr/4.3.3/../../../../avr/lib/avr6/crtm2560.o
 *(.init9)
 *(.text)
 .text          0x00000116        0x4 c:/winavr-20100110/bin/../lib/gcc/avr/4.3.3/../../../../avr/lib/avr6/crtm2560.o
                0x00000116                __vector_38
                0x00000116                __vector_22
                0x00000116                __vector_28
                0x00000116                __vector_1
                0x00000116                __vector_32
                0x00000116                __vector_34
                0x00000116                __vector_24
                0x00000116                __vector_12
                0x00000116                __vector_55
                0x00000116                __vector_46
                0x00000116                __bad_interrupt
                0x00000116                __vector_6
                0x00000116                __vector_31
                0x00000116                __vector_35
                0x00000116                __vector_39
                0x00000116                __vector_3
                0x00000116                __vector_23
                0x00000116                __vector_30
                0x00000116                __vector_45
                0x00000116                __vector_25
                0x00000116                __vector_11
                0x00000116                __vector_54
                0x00000116                __vector_13
                0x00000116                __vector_17
                0x00000116                __vector_19
                0x00000116                __vector_56
                0x00000116                __vector_7
                0x00000116                __vector_49
                0x00000116                __vector_41
                0x00000116                __vector_43
                0x00000116                __vector_27
                0x00000116                __vector_5
                0x00000116                __vector_33
                0x00000116                __vector_47
                0x00000116                __vector_52
                0x00000116                __vector_37
                0x00000116                __vector_4
                0x00000116                __vector_44
                0x00000116                __vector_51
                0x00000116                __vector_9
                0x00000116                __vector_2
                0x00000116                __vector_21
                0x00000116                __vector_15
                0x00000116                __vector_36
                0x00000116                __vector_29
                0x00000116                __vector_40
                0x00000116                __vector_8
                0x00000116                __vector_26
                0x00000116                __vector_48
                0x00000116                __vector_14
                0x00000116                __vector_53
                0x00000116                __vector_10
                0x00000116                __vector_50
                0x00000116                __vector_16
                0x00000116                __vector_18
                0x00000116                __vector_20
                0x00000116                __vector_42
 .text          0x0000011a        0x0 obj\Debug\fuse.o
 .text          0x0000011a      0xb0a obj\Debug\main.o
                0x00000198                port_init
                0x0000041a                servo_1_free
                0x000001b2                timer1_init
                0x00000456                servo_3_free
                0x0000022c                init_devices
                0x00000438                servo_2_free
                0x0000016e                servo3_pin_config
                0x00000474                main
                0x000002e2                servo_2
                0x0000011a                servo1_pin_config
                0x00000144                servo2_pin_config
                0x00000246                servo_1
                0x0000037e                servo_3
 .text          0x00000c24        0x0 c:/winavr-20100110/bin/../lib/gcc/avr/4.3.3/avr6\libgcc.a(_exit.o)
 .text          0x00000c24       0x58 c:/winavr-20100110/bin/../lib/gcc/avr/4.3.3/avr6\libgcc.a(_fixunssfsi.o)
                0x00000c24                __fixunssfsi
 .text          0x00000c7c      0x354 c:/winavr-20100110/bin/../lib/gcc/avr/4.3.3/avr6\libgcc.a(_addsub_sf.o)
                0x00000f14                __subsf3
                0x00000f76                __addsf3
 .text          0x00000fd0      0x1f4 c:/winavr-20100110/bin/../lib/gcc/avr/4.3.3/avr6\libgcc.a(_mul_sf.o)
                0x00000fd0                __mulsf3
 .text          0x000011c4      0x158 c:/winavr-20100110/bin/../lib/gcc/avr/4.3.3/avr6\libgcc.a(_div_sf.o)
                0x000011c4                __divsf3
 .text          0x0000131c       0x60 c:/winavr-20100110/bin/../lib/gcc/avr/4.3.3/avr6\libgcc.a(_gt_sf.o)
                0x0000131c                __gtsf2
 .text          0x0000137c       0x60 c:/winavr-20100110/bin/../lib/gcc/avr/4.3.3/avr6\libgcc.a(_ge_sf.o)
                0x0000137c                __gesf2
 .text          0x000013dc       0x60 c:/winavr-20100110/bin/../lib/gcc/avr/4.3.3/avr6\libgcc.a(_lt_sf.o)
                0x000013dc                __ltsf2
 .text          0x0000143c       0xa8 c:/winavr-20100110/bin/../lib/gcc/avr/4.3.3/avr6\libgcc.a(_sf_to_si.o)
                0x0000143c                __fixsfsi
 .text          0x000014e4        0x0 c:/winavr-20100110/bin/../lib/gcc/avr/4.3.3/avr6\libgcc.a(_thenan_sf.o)
 .text          0x000014e4       0xf2 c:/winavr-20100110/bin/../lib/gcc/avr/4.3.3/avr6\libgcc.a(_usi_to_sf.o)
                0x000014e4                __floatunsisf
 .text          0x000015d6        0x0 c:/winavr-20100110/bin/../lib/gcc/avr/4.3.3/avr6\libgcc.a(_prologue.o)
 .text          0x000015d6        0x0 c:/winavr-20100110/bin/../lib/gcc/avr/4.3.3/avr6\libgcc.a(_epilogue.o)
 .text          0x000015d6       0x9e c:/winavr-20100110/bin/../lib/gcc/avr/4.3.3/avr6\libgcc.a(_clzsi2.o)
                0x000015d6                __clzsi2
 .text          0x00001674      0x1aa c:/winavr-20100110/bin/../lib/gcc/avr/4.3.3/avr6\libgcc.a(_pack_sf.o)
                0x00001674                __pack_f
 .text          0x0000181e       0xf0 c:/winavr-20100110/bin/../lib/gcc/avr/4.3.3/avr6\libgcc.a(_unpack_sf.o)
                0x0000181e                __unpack_f
 .text          0x0000190e       0xb2 c:/winavr-20100110/bin/../lib/gcc/avr/4.3.3/avr6\libgcc.a(_fpcmp_parts_sf.o)
                0x0000190e                __fpcmp_parts_f
 .text          0x000019c0        0x0 c:/winavr-20100110/bin/../lib/gcc/avr/4.3.3/avr6\libgcc.a(_clz.o)
                0x000019c0                . = ALIGN (0x2)
 *(.text.*)
 .text.libgcc   0x000019c0        0x0 c:/winavr-20100110/bin/../lib/gcc/avr/4.3.3/avr6\libgcc.a(_exit.o)
 .text.libgcc   0x000019c0       0x38 c:/winavr-20100110/bin/../lib/gcc/avr/4.3.3/avr6\libgcc.a(_prologue.o)
                0x000019c0                __prologue_saves__
 .text.libgcc   0x000019f8       0x36 c:/winavr-20100110/bin/../lib/gcc/avr/4.3.3/avr6\libgcc.a(_epilogue.o)
                0x000019f8                __epilogue_restores__
                0x00001a2e                . = ALIGN (0x2)
 *(.fini9)
 .fini9         0x00001a2e        0x0 c:/winavr-20100110/bin/../lib/gcc/avr/4.3.3/avr6\libgcc.a(_exit.o)
                0x00001a2e                exit
                0x00001a2e                _exit
 *(.fini9)
 *(.fini8)
 *(.fini8)
 *(.fini7)
 *(.fini7)
 *(.fini6)
 *(.fini6)
 *(.fini5)
 *(.fini5)
 *(.fini4)
 *(.fini4)
 *(.fini3)
 *(.fini3)
 *(.fini2)
 *(.fini2)
 *(.fini1)
 *(.fini1)
 *(.fini0)
 .fini0         0x00001a2e        0x4 c:/winavr-20100110/bin/../lib/gcc/avr/4.3.3/avr6\libgcc.a(_exit.o)
 *(.fini0)
                0x00001a32                _etext = .

.data           0x00800200      0x108 load address 0x00001a32
                0x00800200                PROVIDE (__data_start, .)
 *(.data)
 .data          0x00800200        0x0 c:/winavr-20100110/bin/../lib/gcc/avr/4.3.3/../../../../avr/lib/avr6/crtm2560.o
 .data          0x00800200        0x0 obj\Debug\fuse.o
 .data          0x00800200        0x0 obj\Debug\main.o
 .data          0x00800200        0x0 c:/winavr-20100110/bin/../lib/gcc/avr/4.3.3/avr6\libgcc.a(_exit.o)
 .data          0x00800200        0x0 c:/winavr-20100110/bin/../lib/gcc/avr/4.3.3/avr6\libgcc.a(_fixunssfsi.o)
 .data          0x00800200        0x0 c:/winavr-20100110/bin/../lib/gcc/avr/4.3.3/avr6\libgcc.a(_addsub_sf.o)
 .data          0x00800200        0x0 c:/winavr-20100110/bin/../lib/gcc/avr/4.3.3/avr6\libgcc.a(_mul_sf.o)
 .data          0x00800200        0x0 c:/winavr-20100110/bin/../lib/gcc/avr/4.3.3/avr6\libgcc.a(_div_sf.o)
 .data          0x00800200        0x0 c:/winavr-20100110/bin/../lib/gcc/avr/4.3.3/avr6\libgcc.a(_gt_sf.o)
 .data          0x00800200        0x0 c:/winavr-20100110/bin/../lib/gcc/avr/4.3.3/avr6\libgcc.a(_ge_sf.o)
 .data          0x00800200        0x0 c:/winavr-20100110/bin/../lib/gcc/avr/4.3.3/avr6\libgcc.a(_lt_sf.o)
 .data          0x00800200        0x0 c:/winavr-20100110/bin/../lib/gcc/avr/4.3.3/avr6\libgcc.a(_sf_to_si.o)
 .data          0x00800200        0x8 c:/winavr-20100110/bin/../lib/gcc/avr/4.3.3/avr6\libgcc.a(_thenan_sf.o)
                0x00800200                __thenan_sf
 .data          0x00800208        0x0 c:/winavr-20100110/bin/../lib/gcc/avr/4.3.3/avr6\libgcc.a(_usi_to_sf.o)
 .data          0x00800208        0x0 c:/winavr-20100110/bin/../lib/gcc/avr/4.3.3/avr6\libgcc.a(_prologue.o)
 .data          0x00800208        0x0 c:/winavr-20100110/bin/../lib/gcc/avr/4.3.3/avr6\libgcc.a(_epilogue.o)
 .data          0x00800208        0x0 c:/winavr-20100110/bin/../lib/gcc/avr/4.3.3/avr6\libgcc.a(_clzsi2.o)
 .data          0x00800208        0x0 c:/winavr-20100110/bin/../lib/gcc/avr/4.3.3/avr6\libgcc.a(_pack_sf.o)
 .data          0x00800208        0x0 c:/winavr-20100110/bin/../lib/gcc/avr/4.3.3/avr6\libgcc.a(_unpack_sf.o)
 .data          0x00800208        0x0 c:/winavr-20100110/bin/../lib/gcc/avr/4.3.3/avr6\libgcc.a(_fpcmp_parts_sf.o)
 .data          0x00800208      0x100 c:/winavr-20100110/bin/../lib/gcc/avr/4.3.3/avr6\libgcc.a(_clz.o)
                0x00800208                __clz_tab
 *(.data*)
 *(.rodata)
 *(.rodata*)
 *(.gnu.linkonce.d*)
                0x00800308                . = ALIGN (0x2)
                0x00800308                _edata = .
                0x00800308                PROVIDE (__data_end, .)

.bss            0x00800308        0x0
                0x00800308                PROVIDE (__bss_start, .)
 *(.bss)
 .bss           0x00800308        0x0 c:/winavr-20100110/bin/../lib/gcc/avr/4.3.3/../../../../avr/lib/avr6/crtm2560.o
 .bss           0x00800308        0x0 obj\Debug\fuse.o
 .bss           0x00800308        0x0 obj\Debug\main.o
 .bss           0x00800308        0x0 c:/winavr-20100110/bin/../lib/gcc/avr/4.3.3/avr6\libgcc.a(_exit.o)
 .bss           0x00800308        0x0 c:/winavr-20100110/bin/../lib/gcc/avr/4.3.3/avr6\libgcc.a(_fixunssfsi.o)
 .bss           0x00800308        0x0 c:/winavr-20100110/bin/../lib/gcc/avr/4.3.3/avr6\libgcc.a(_addsub_sf.o)
 .bss           0x00800308        0x0 c:/winavr-20100110/bin/../lib/gcc/avr/4.3.3/avr6\libgcc.a(_mul_sf.o)
 .bss           0x00800308        0x0 c:/winavr-20100110/bin/../lib/gcc/avr/4.3.3/avr6\libgcc.a(_div_sf.o)
 .bss           0x00800308        0x0 c:/winavr-20100110/bin/../lib/gcc/avr/4.3.3/avr6\libgcc.a(_gt_sf.o)
 .bss           0x00800308        0x0 c:/winavr-20100110/bin/../lib/gcc/avr/4.3.3/avr6\libgcc.a(_ge_sf.o)
 .bss           0x00800308        0x0 c:/winavr-20100110/bin/../lib/gcc/avr/4.3.3/avr6\libgcc.a(_lt_sf.o)
 .bss           0x00800308        0x0 c:/winavr-20100110/bin/../lib/gcc/avr/4.3.3/avr6\libgcc.a(_sf_to_si.o)
 .bss           0x00800308        0x0 c:/winavr-20100110/bin/../lib/gcc/avr/4.3.3/avr6\libgcc.a(_thenan_sf.o)
 .bss           0x00800308        0x0 c:/winavr-20100110/bin/../lib/gcc/avr/4.3.3/avr6\libgcc.a(_usi_to_sf.o)
 .bss           0x00800308        0x0 c:/winavr-20100110/bin/../lib/gcc/avr/4.3.3/avr6\libgcc.a(_prologue.o)
 .bss           0x00800308        0x0 c:/winavr-20100110/bin/../lib/gcc/avr/4.3.3/avr6\libgcc.a(_epilogue.o)
 .bss           0x00800308        0x0 c:/winavr-20100110/bin/../lib/gcc/avr/4.3.3/avr6\libgcc.a(_clzsi2.o)
 .bss           0x00800308        0x0 c:/winavr-20100110/bin/../lib/gcc/avr/4.3.3/avr6\libgcc.a(_pack_sf.o)
 .bss           0x00800308        0x0 c:/winavr-20100110/bin/../lib/gcc/avr/4.3.3/avr6\libgcc.a(_unpack_sf.o)
 .bss           0x00800308        0x0 c:/winavr-20100110/bin/../lib/gcc/avr/4.3.3/avr6\libgcc.a(_fpcmp_parts_sf.o)
 .bss           0x00800308        0x0 c:/winavr-20100110/bin/../lib/gcc/avr/4.3.3/avr6\libgcc.a(_clz.o)
 *(.bss*)
 *(COMMON)
                0x00800308                PROVIDE (__bss_end, .)
                0x00001a32                __data_load_start = LOADADDR (.data)
                0x00001b3a                __data_load_end = (__data_load_start + SIZEOF (.data))

.noinit         0x00800308        0x0
                0x00800308                PROVIDE (__noinit_start, .)
 *(.noinit*)
                0x00800308                PROVIDE (__noinit_end, .)
                0x00800308                _end = .
                0x00800308                PROVIDE (__heap_start, .)

.eeprom         0x00810000        0x0
 *(.eeprom*)
                0x00810000                __eeprom_end = .

.fuse           0x00820000        0x3
 *(.fuse)
 .fuse          0x00820000        0x3 obj\Debug\fuse.o
                0x00820000                __fuse
 *(.lfuse)
 *(.hfuse)
 *(.efuse)

.lock
 *(.lock*)

.signature
 *(.signature*)

.stab
 *(.stab)

.stabstr
 *(.stabstr)

.stab.excl
 *(.stab.excl)

.stab.exclstr
 *(.stab.exclstr)

.stab.index
 *(.stab.index)

.stab.indexstr
 *(.stab.indexstr)

.comment
 *(.comment)

.debug
 *(.debug)

.line
 *(.line)

.debug_srcinfo
 *(.debug_srcinfo)

.debug_sfnames
 *(.debug_sfnames)

.debug_aranges  0x00000000      0x1c0
 *(.debug_aranges)
 .debug_aranges
                0x00000000       0x20 obj\Debug\main.o
 .debug_aranges
                0x00000020       0x20 c:/winavr-20100110/bin/../lib/gcc/avr/4.3.3/avr6\libgcc.a(_fixunssfsi.o)
 .debug_aranges
                0x00000040       0x20 c:/winavr-20100110/bin/../lib/gcc/avr/4.3.3/avr6\libgcc.a(_addsub_sf.o)
 .debug_aranges
                0x00000060       0x20 c:/winavr-20100110/bin/../lib/gcc/avr/4.3.3/avr6\libgcc.a(_mul_sf.o)
 .debug_aranges
                0x00000080       0x20 c:/winavr-20100110/bin/../lib/gcc/avr/4.3.3/avr6\libgcc.a(_div_sf.o)
 .debug_aranges
                0x000000a0       0x20 c:/winavr-20100110/bin/../lib/gcc/avr/4.3.3/avr6\libgcc.a(_gt_sf.o)
 .debug_aranges
                0x000000c0       0x20 c:/winavr-20100110/bin/../lib/gcc/avr/4.3.3/avr6\libgcc.a(_ge_sf.o)
 .debug_aranges
                0x000000e0       0x20 c:/winavr-20100110/bin/../lib/gcc/avr/4.3.3/avr6\libgcc.a(_lt_sf.o)
 .debug_aranges
                0x00000100       0x20 c:/winavr-20100110/bin/../lib/gcc/avr/4.3.3/avr6\libgcc.a(_sf_to_si.o)
 .debug_aranges
                0x00000120       0x20 c:/winavr-20100110/bin/../lib/gcc/avr/4.3.3/avr6\libgcc.a(_usi_to_sf.o)
 .debug_aranges
                0x00000140       0x20 c:/winavr-20100110/bin/../lib/gcc/avr/4.3.3/avr6\libgcc.a(_clzsi2.o)
 .debug_aranges
                0x00000160       0x20 c:/winavr-20100110/bin/../lib/gcc/avr/4.3.3/avr6\libgcc.a(_pack_sf.o)
 .debug_aranges
                0x00000180       0x20 c:/winavr-20100110/bin/../lib/gcc/avr/4.3.3/avr6\libgcc.a(_unpack_sf.o)
 .debug_aranges
                0x000001a0       0x20 c:/winavr-20100110/bin/../lib/gcc/avr/4.3.3/avr6\libgcc.a(_fpcmp_parts_sf.o)

.debug_pubnames
                0x00000000      0x2f2
 *(.debug_pubnames)
 .debug_pubnames
                0x00000000       0x1d obj\Debug\fuse.o
 .debug_pubnames
                0x0000001d       0xe3 obj\Debug\main.o
 .debug_pubnames
                0x00000100       0x23 c:/winavr-20100110/bin/../lib/gcc/avr/4.3.3/avr6\libgcc.a(_fixunssfsi.o)
 .debug_pubnames
                0x00000123       0x2c c:/winavr-20100110/bin/../lib/gcc/avr/4.3.3/avr6\libgcc.a(_addsub_sf.o)
 .debug_pubnames
                0x0000014f       0x1f c:/winavr-20100110/bin/../lib/gcc/avr/4.3.3/avr6\libgcc.a(_mul_sf.o)
 .debug_pubnames
                0x0000016e       0x1f c:/winavr-20100110/bin/../lib/gcc/avr/4.3.3/avr6\libgcc.a(_div_sf.o)
 .debug_pubnames
                0x0000018d       0x1e c:/winavr-20100110/bin/../lib/gcc/avr/4.3.3/avr6\libgcc.a(_gt_sf.o)
 .debug_pubnames
                0x000001ab       0x1e c:/winavr-20100110/bin/../lib/gcc/avr/4.3.3/avr6\libgcc.a(_ge_sf.o)
 .debug_pubnames
                0x000001c9       0x1e c:/winavr-20100110/bin/../lib/gcc/avr/4.3.3/avr6\libgcc.a(_lt_sf.o)
 .debug_pubnames
                0x000001e7       0x20 c:/winavr-20100110/bin/../lib/gcc/avr/4.3.3/avr6\libgcc.a(_sf_to_si.o)
 .debug_pubnames
                0x00000207       0x22 c:/winavr-20100110/bin/../lib/gcc/avr/4.3.3/avr6\libgcc.a(_thenan_sf.o)
 .debug_pubnames
                0x00000229       0x24 c:/winavr-20100110/bin/../lib/gcc/avr/4.3.3/avr6\libgcc.a(_usi_to_sf.o)
 .debug_pubnames
                0x0000024d       0x1f c:/winavr-20100110/bin/../lib/gcc/avr/4.3.3/avr6\libgcc.a(_clzsi2.o)
 .debug_pubnames
                0x0000026c       0x1f c:/winavr-20100110/bin/../lib/gcc/avr/4.3.3/avr6\libgcc.a(_pack_sf.o)
 .debug_pubnames
                0x0000028b       0x21 c:/winavr-20100110/bin/../lib/gcc/avr/4.3.3/avr6\libgcc.a(_unpack_sf.o)
 .debug_pubnames
                0x000002ac       0x26 c:/winavr-20100110/bin/../lib/gcc/avr/4.3.3/avr6\libgcc.a(_fpcmp_parts_sf.o)
 .debug_pubnames
                0x000002d2       0x20 c:/winavr-20100110/bin/../lib/gcc/avr/4.3.3/avr6\libgcc.a(_clz.o)

.debug_info     0x00000000     0x28f4
 *(.debug_info)
 .debug_info    0x00000000       0xae obj\Debug\fuse.o
 .debug_info    0x000000ae      0x43b obj\Debug\main.o
 .debug_info    0x000004e9       0xb1 c:/winavr-20100110/bin/../lib/gcc/avr/4.3.3/avr6\libgcc.a(_fixunssfsi.o)
 .debug_info    0x0000059a      0x47a c:/winavr-20100110/bin/../lib/gcc/avr/4.3.3/avr6\libgcc.a(_addsub_sf.o)
 .debug_info    0x00000a14      0x485 c:/winavr-20100110/bin/../lib/gcc/avr/4.3.3/avr6\libgcc.a(_mul_sf.o)
 .debug_info    0x00000e99      0x3fc c:/winavr-20100110/bin/../lib/gcc/avr/4.3.3/avr6\libgcc.a(_div_sf.o)
 .debug_info    0x00001295      0x27f c:/winavr-20100110/bin/../lib/gcc/avr/4.3.3/avr6\libgcc.a(_gt_sf.o)
 .debug_info    0x00001514      0x27f c:/winavr-20100110/bin/../lib/gcc/avr/4.3.3/avr6\libgcc.a(_ge_sf.o)
 .debug_info    0x00001793      0x27f c:/winavr-20100110/bin/../lib/gcc/avr/4.3.3/avr6\libgcc.a(_lt_sf.o)
 .debug_info    0x00001a12      0x2b0 c:/winavr-20100110/bin/../lib/gcc/avr/4.3.3/avr6\libgcc.a(_sf_to_si.o)
 .debug_info    0x00001cc2      0x12c c:/winavr-20100110/bin/../lib/gcc/avr/4.3.3/avr6\libgcc.a(_thenan_sf.o)
 .debug_info    0x00001dee      0x206 c:/winavr-20100110/bin/../lib/gcc/avr/4.3.3/avr6\libgcc.a(_usi_to_sf.o)
 .debug_info    0x00001ff4      0x117 c:/winavr-20100110/bin/../lib/gcc/avr/4.3.3/avr6\libgcc.a(_clzsi2.o)
 .debug_info    0x0000210b      0x2df c:/winavr-20100110/bin/../lib/gcc/avr/4.3.3/avr6\libgcc.a(_pack_sf.o)
 .debug_info    0x000023ea      0x251 c:/winavr-20100110/bin/../lib/gcc/avr/4.3.3/avr6\libgcc.a(_unpack_sf.o)
 .debug_info    0x0000263b      0x210 c:/winavr-20100110/bin/../lib/gcc/avr/4.3.3/avr6\libgcc.a(_fpcmp_parts_sf.o)
 .debug_info    0x0000284b       0xa9 c:/winavr-20100110/bin/../lib/gcc/avr/4.3.3/avr6\libgcc.a(_clz.o)
 *(.gnu.linkonce.wi.*)

.debug_abbrev   0x00000000     0x14fb
 *(.debug_abbrev)
 .debug_abbrev  0x00000000       0x73 obj\Debug\fuse.o
 .debug_abbrev  0x00000073      0x102 obj\Debug\main.o
 .debug_abbrev  0x00000175       0x5d c:/winavr-20100110/bin/../lib/gcc/avr/4.3.3/avr6\libgcc.a(_fixunssfsi.o)
 .debug_abbrev  0x000001d2      0x1ea c:/winavr-20100110/bin/../lib/gcc/avr/4.3.3/avr6\libgcc.a(_addsub_sf.o)
 .debug_abbrev  0x000003bc      0x21b c:/winavr-20100110/bin/../lib/gcc/avr/4.3.3/avr6\libgcc.a(_mul_sf.o)
 .debug_abbrev  0x000005d7      0x216 c:/winavr-20100110/bin/../lib/gcc/avr/4.3.3/avr6\libgcc.a(_div_sf.o)
 .debug_abbrev  0x000007ed      0x15a c:/winavr-20100110/bin/../lib/gcc/avr/4.3.3/avr6\libgcc.a(_gt_sf.o)
 .debug_abbrev  0x00000947      0x15a c:/winavr-20100110/bin/../lib/gcc/avr/4.3.3/avr6\libgcc.a(_ge_sf.o)
 .debug_abbrev  0x00000aa1      0x15a c:/winavr-20100110/bin/../lib/gcc/avr/4.3.3/avr6\libgcc.a(_lt_sf.o)
 .debug_abbrev  0x00000bfb      0x17f c:/winavr-20100110/bin/../lib/gcc/avr/4.3.3/avr6\libgcc.a(_sf_to_si.o)
 .debug_abbrev  0x00000d7a       0xad c:/winavr-20100110/bin/../lib/gcc/avr/4.3.3/avr6\libgcc.a(_thenan_sf.o)
 .debug_abbrev  0x00000e27      0x157 c:/winavr-20100110/bin/../lib/gcc/avr/4.3.3/avr6\libgcc.a(_usi_to_sf.o)
 .debug_abbrev  0x00000f7e       0xc4 c:/winavr-20100110/bin/../lib/gcc/avr/4.3.3/avr6\libgcc.a(_clzsi2.o)
 .debug_abbrev  0x00001042      0x1c0 c:/winavr-20100110/bin/../lib/gcc/avr/4.3.3/avr6\libgcc.a(_pack_sf.o)
 .debug_abbrev  0x00001202      0x154 c:/winavr-20100110/bin/../lib/gcc/avr/4.3.3/avr6\libgcc.a(_unpack_sf.o)
 .debug_abbrev  0x00001356      0x13b c:/winavr-20100110/bin/../lib/gcc/avr/4.3.3/avr6\libgcc.a(_fpcmp_parts_sf.o)
 .debug_abbrev  0x00001491       0x6a c:/winavr-20100110/bin/../lib/gcc/avr/4.3.3/avr6\libgcc.a(_clz.o)

.debug_line     0x00000000     0x181d
 *(.debug_line)
 .debug_line    0x00000000       0x75 obj\Debug\fuse.o
 .debug_line    0x00000075      0x5d2 obj\Debug\main.o
 .debug_line    0x00000647       0xa7 c:/winavr-20100110/bin/../lib/gcc/avr/4.3.3/avr6\libgcc.a(_fixunssfsi.o)
 .debug_line    0x000006ee      0x2af c:/winavr-20100110/bin/../lib/gcc/avr/4.3.3/avr6\libgcc.a(_addsub_sf.o)
 .debug_line    0x0000099d      0x239 c:/winavr-20100110/bin/../lib/gcc/avr/4.3.3/avr6\libgcc.a(_mul_sf.o)
 .debug_line    0x00000bd6      0x1d5 c:/winavr-20100110/bin/../lib/gcc/avr/4.3.3/avr6\libgcc.a(_div_sf.o)
 .debug_line    0x00000dab       0xd3 c:/winavr-20100110/bin/../lib/gcc/avr/4.3.3/avr6\libgcc.a(_gt_sf.o)
 .debug_line    0x00000e7e       0xd3 c:/winavr-20100110/bin/../lib/gcc/avr/4.3.3/avr6\libgcc.a(_ge_sf.o)
 .debug_line    0x00000f51       0xd3 c:/winavr-20100110/bin/../lib/gcc/avr/4.3.3/avr6\libgcc.a(_lt_sf.o)
 .debug_line    0x00001024      0x109 c:/winavr-20100110/bin/../lib/gcc/avr/4.3.3/avr6\libgcc.a(_sf_to_si.o)
 .debug_line    0x0000112d       0x90 c:/winavr-20100110/bin/../lib/gcc/avr/4.3.3/avr6\libgcc.a(_thenan_sf.o)
 .debug_line    0x000011bd      0x133 c:/winavr-20100110/bin/../lib/gcc/avr/4.3.3/avr6\libgcc.a(_usi_to_sf.o)
 .debug_line    0x000012f0       0xa5 c:/winavr-20100110/bin/../lib/gcc/avr/4.3.3/avr6\libgcc.a(_clzsi2.o)
 .debug_line    0x00001395      0x18a c:/winavr-20100110/bin/../lib/gcc/avr/4.3.3/avr6\libgcc.a(_pack_sf.o)
 .debug_line    0x0000151f      0x14b c:/winavr-20100110/bin/../lib/gcc/avr/4.3.3/avr6\libgcc.a(_unpack_sf.o)
 .debug_line    0x0000166a      0x137 c:/winavr-20100110/bin/../lib/gcc/avr/4.3.3/avr6\libgcc.a(_fpcmp_parts_sf.o)
 .debug_line    0x000017a1       0x7c c:/winavr-20100110/bin/../lib/gcc/avr/4.3.3/avr6\libgcc.a(_clz.o)

.debug_frame    0x00000000      0x2a0
 *(.debug_frame)
 .debug_frame   0x00000000       0xe0 obj\Debug\main.o
 .debug_frame   0x000000e0       0x20 c:/winavr-20100110/bin/../lib/gcc/avr/4.3.3/avr6\libgcc.a(_fixunssfsi.o)
 .debug_frame   0x00000100       0x40 c:/winavr-20100110/bin/../lib/gcc/avr/4.3.3/avr6\libgcc.a(_addsub_sf.o)
 .debug_frame   0x00000140       0x20 c:/winavr-20100110/bin/../lib/gcc/avr/4.3.3/avr6\libgcc.a(_mul_sf.o)
 .debug_frame   0x00000160       0x20 c:/winavr-20100110/bin/../lib/gcc/avr/4.3.3/avr6\libgcc.a(_div_sf.o)
 .debug_frame   0x00000180       0x20 c:/winavr-20100110/bin/../lib/gcc/avr/4.3.3/avr6\libgcc.a(_gt_sf.o)
 .debug_frame   0x000001a0       0x20 c:/winavr-20100110/bin/../lib/gcc/avr/4.3.3/avr6\libgcc.a(_ge_sf.o)
 .debug_frame   0x000001c0       0x20 c:/winavr-20100110/bin/../lib/gcc/avr/4.3.3/avr6\libgcc.a(_lt_sf.o)
 .debug_frame   0x000001e0       0x20 c:/winavr-20100110/bin/../lib/gcc/avr/4.3.3/avr6\libgcc.a(_sf_to_si.o)
 .debug_frame   0x00000200       0x20 c:/winavr-20100110/bin/../lib/gcc/avr/4.3.3/avr6\libgcc.a(_usi_to_sf.o)
 .debug_frame   0x00000220       0x20 c:/winavr-20100110/bin/../lib/gcc/avr/4.3.3/avr6\libgcc.a(_clzsi2.o)
 .debug_frame   0x00000240       0x20 c:/winavr-20100110/bin/../lib/gcc/avr/4.3.3/avr6\libgcc.a(_pack_sf.o)
 .debug_frame   0x00000260       0x20 c:/winavr-20100110/bin/../lib/gcc/avr/4.3.3/avr6\libgcc.a(_unpack_sf.o)
 .debug_frame   0x00000280       0x20 c:/winavr-20100110/bin/../lib/gcc/avr/4.3.3/avr6\libgcc.a(_fpcmp_parts_sf.o)

.debug_str      0x00000000      0x46b
 *(.debug_str)
 .debug_str     0x00000000       0x94 obj\Debug\fuse.o
                                 0xcd (size before relaxing)
 .debug_str     0x00000094      0x120 obj\Debug\main.o
                                0x1ce (size before relaxing)
 .debug_str     0x000001b4       0x80 c:/winavr-20100110/bin/../lib/gcc/avr/4.3.3/avr6\libgcc.a(_fixunssfsi.o)
                                 0xfe (size before relaxing)
 .debug_str     0x00000234      0x14d c:/winavr-20100110/bin/../lib/gcc/avr/4.3.3/avr6\libgcc.a(_addsub_sf.o)
                                0x206 (size before relaxing)
 .debug_str     0x00000381       0x27 c:/winavr-20100110/bin/../lib/gcc/avr/4.3.3/avr6\libgcc.a(_mul_sf.o)
                                0x1bf (size before relaxing)
 .debug_str     0x000003a8       0x35 c:/winavr-20100110/bin/../lib/gcc/avr/4.3.3/avr6\libgcc.a(_div_sf.o)
                                0x1c8 (size before relaxing)
 .debug_str     0x000003dd        0x8 c:/winavr-20100110/bin/../lib/gcc/avr/4.3.3/avr6\libgcc.a(_gt_sf.o)
                                0x195 (size before relaxing)
 .debug_str     0x000003e5        0x8 c:/winavr-20100110/bin/../lib/gcc/avr/4.3.3/avr6\libgcc.a(_ge_sf.o)
                                0x195 (size before relaxing)
 .debug_str     0x000003ed        0x8 c:/winavr-20100110/bin/../lib/gcc/avr/4.3.3/avr6\libgcc.a(_lt_sf.o)
                                0x195 (size before relaxing)
 .debug_str     0x000003f5        0xa c:/winavr-20100110/bin/../lib/gcc/avr/4.3.3/avr6\libgcc.a(_sf_to_si.o)
                                0x19e (size before relaxing)
 .debug_str     0x00000000      0x103 c:/winavr-20100110/bin/../lib/gcc/avr/4.3.3/avr6\libgcc.a(_thenan_sf.o)
 .debug_str     0x000003ff       0x21 c:/winavr-20100110/bin/../lib/gcc/avr/4.3.3/avr6\libgcc.a(_usi_to_sf.o)
                                0x177 (size before relaxing)
 .debug_str     0x00000420       0x20 c:/winavr-20100110/bin/../lib/gcc/avr/4.3.3/avr6\libgcc.a(_clzsi2.o)
                                0x111 (size before relaxing)
 .debug_str     0x00000440       0x10 c:/winavr-20100110/bin/../lib/gcc/avr/4.3.3/avr6\libgcc.a(_pack_sf.o)
                                0x19d (size before relaxing)
 .debug_str     0x00000450        0xb c:/winavr-20100110/bin/../lib/gcc/avr/4.3.3/avr6\libgcc.a(_unpack_sf.o)
                                0x17f (size before relaxing)
 .debug_str     0x0000045b       0x10 c:/winavr-20100110/bin/../lib/gcc/avr/4.3.3/avr6\libgcc.a(_fpcmp_parts_sf.o)
                                0x163 (size before relaxing)
 .debug_str     0x00000000       0xf4 c:/winavr-20100110/bin/../lib/gcc/avr/4.3.3/avr6\libgcc.a(_clz.o)

.debug_loc      0x00000000      0x96e
 *(.debug_loc)
 .debug_loc     0x00000000       0x34 c:/winavr-20100110/bin/../lib/gcc/avr/4.3.3/avr6\libgcc.a(_fixunssfsi.o)
 .debug_loc     0x00000034      0x32a c:/winavr-20100110/bin/../lib/gcc/avr/4.3.3/avr6\libgcc.a(_addsub_sf.o)
 .debug_loc     0x0000035e      0x104 c:/winavr-20100110/bin/../lib/gcc/avr/4.3.3/avr6\libgcc.a(_mul_sf.o)
 .debug_loc     0x00000462       0xc0 c:/winavr-20100110/bin/../lib/gcc/avr/4.3.3/avr6\libgcc.a(_div_sf.o)
 .debug_loc     0x00000522       0x3c c:/winavr-20100110/bin/../lib/gcc/avr/4.3.3/avr6\libgcc.a(_gt_sf.o)
 .debug_loc     0x0000055e       0x3c c:/winavr-20100110/bin/../lib/gcc/avr/4.3.3/avr6\libgcc.a(_ge_sf.o)
 .debug_loc     0x0000059a       0x3c c:/winavr-20100110/bin/../lib/gcc/avr/4.3.3/avr6\libgcc.a(_lt_sf.o)
 .debug_loc     0x000005d6       0x7e c:/winavr-20100110/bin/../lib/gcc/avr/4.3.3/avr6\libgcc.a(_sf_to_si.o)
 .debug_loc     0x00000654       0x4c c:/winavr-20100110/bin/../lib/gcc/avr/4.3.3/avr6\libgcc.a(_usi_to_sf.o)
 .debug_loc     0x000006a0       0x94 c:/winavr-20100110/bin/../lib/gcc/avr/4.3.3/avr6\libgcc.a(_clzsi2.o)
 .debug_loc     0x00000734      0x13e c:/winavr-20100110/bin/../lib/gcc/avr/4.3.3/avr6\libgcc.a(_pack_sf.o)
 .debug_loc     0x00000872       0xac c:/winavr-20100110/bin/../lib/gcc/avr/4.3.3/avr6\libgcc.a(_unpack_sf.o)
 .debug_loc     0x0000091e       0x50 c:/winavr-20100110/bin/../lib/gcc/avr/4.3.3/avr6\libgcc.a(_fpcmp_parts_sf.o)

.debug_macinfo
 *(.debug_macinfo)
OUTPUT(bin\Debug\servoTest.elf elf32-avr)
LOAD linker stubs

.debug_ranges   0x00000000       0x50
 .debug_ranges  0x00000000       0x50 c:/winavr-20100110/bin/../lib/gcc/avr/4.3.3/avr6\libgcc.a(_mul_sf.o)

Cross Reference Table

Symbol                                            File
__addsf3                                          c:/winavr-20100110/bin/../lib/gcc/avr/4.3.3/avr6\libgcc.a(_addsub_sf.o)
                                                  obj\Debug\main.o
__bad_interrupt                                   c:/winavr-20100110/bin/../lib/gcc/avr/4.3.3/../../../../avr/lib/avr6/crtm2560.o
__clz_tab                                         c:/winavr-20100110/bin/../lib/gcc/avr/4.3.3/avr6\libgcc.a(_clz.o)
                                                  c:/winavr-20100110/bin/../lib/gcc/avr/4.3.3/avr6\libgcc.a(_clzsi2.o)
__clzsi2                                          c:/winavr-20100110/bin/../lib/gcc/avr/4.3.3/avr6\libgcc.a(_clzsi2.o)
                                                  c:/winavr-20100110/bin/../lib/gcc/avr/4.3.3/avr6\libgcc.a(_usi_to_sf.o)
__data_end                                        c:/winavr-20100110/bin/../lib/gcc/avr/4.3.3/../../../../avr/lib/avr6/crtm2560.o
__data_load_start                                 c:/winavr-20100110/bin/../lib/gcc/avr/4.3.3/../../../../avr/lib/avr6/crtm2560.o
__data_start                                      c:/winavr-20100110/bin/../lib/gcc/avr/4.3.3/../../../../avr/lib/avr6/crtm2560.o
__divsf3                                          c:/winavr-20100110/bin/../lib/gcc/avr/4.3.3/avr6\libgcc.a(_div_sf.o)
                                                  obj\Debug\main.o
__do_copy_data                                    c:/winavr-20100110/bin/../lib/gcc/avr/4.3.3/../../../../avr/lib/avr6/crtm2560.o
                                                  c:/winavr-20100110/bin/../lib/gcc/avr/4.3.3/avr6\libgcc.a(_clz.o)
                                                  c:/winavr-20100110/bin/../lib/gcc/avr/4.3.3/avr6\libgcc.a(_thenan_sf.o)
__epilogue_restores__                             c:/winavr-20100110/bin/../lib/gcc/avr/4.3.3/avr6\libgcc.a(_epilogue.o)
                                                  c:/winavr-20100110/bin/../lib/gcc/avr/4.3.3/avr6\libgcc.a(_usi_to_sf.o)
                                                  c:/winavr-20100110/bin/../lib/gcc/avr/4.3.3/avr6\libgcc.a(_sf_to_si.o)
                                                  c:/winavr-20100110/bin/../lib/gcc/avr/4.3.3/avr6\libgcc.a(_lt_sf.o)
                                                  c:/winavr-20100110/bin/../lib/gcc/avr/4.3.3/avr6\libgcc.a(_ge_sf.o)
                                                  c:/winavr-20100110/bin/../lib/gcc/avr/4.3.3/avr6\libgcc.a(_gt_sf.o)
                                                  c:/winavr-20100110/bin/../lib/gcc/avr/4.3.3/avr6\libgcc.a(_div_sf.o)
                                                  c:/winavr-20100110/bin/../lib/gcc/avr/4.3.3/avr6\libgcc.a(_mul_sf.o)
                                                  c:/winavr-20100110/bin/../lib/gcc/avr/4.3.3/avr6\libgcc.a(_addsub_sf.o)
__fixsfsi                                         c:/winavr-20100110/bin/../lib/gcc/avr/4.3.3/avr6\libgcc.a(_sf_to_si.o)
                                                  c:/winavr-20100110/bin/../lib/gcc/avr/4.3.3/avr6\libgcc.a(_fixunssfsi.o)
__fixunssfsi                                      c:/winavr-20100110/bin/../lib/gcc/avr/4.3.3/avr6\libgcc.a(_fixunssfsi.o)
                                                  obj\Debug\main.o
__floatunsisf                                     c:/winavr-20100110/bin/../lib/gcc/avr/4.3.3/avr6\libgcc.a(_usi_to_sf.o)
                                                  obj\Debug\main.o
__fpcmp_parts_f                                   c:/winavr-20100110/bin/../lib/gcc/avr/4.3.3/avr6\libgcc.a(_fpcmp_parts_sf.o)
                                                  c:/winavr-20100110/bin/../lib/gcc/avr/4.3.3/avr6\libgcc.a(_lt_sf.o)
                                                  c:/winavr-20100110/bin/../lib/gcc/avr/4.3.3/avr6\libgcc.a(_ge_sf.o)
                                                  c:/winavr-20100110/bin/../lib/gcc/avr/4.3.3/avr6\libgcc.a(_gt_sf.o)
__fuse                                            obj\Debug\fuse.o
__gesf2                                           c:/winavr-20100110/bin/../lib/gcc/avr/4.3.3/avr6\libgcc.a(_ge_sf.o)
                                                  c:/winavr-20100110/bin/../lib/gcc/avr/4.3.3/avr6\libgcc.a(_fixunssfsi.o)
__gtsf2                                           c:/winavr-20100110/bin/../lib/gcc/avr/4.3.3/avr6\libgcc.a(_gt_sf.o)
                                                  obj\Debug\main.o
__heap_end                                        c:/winavr-20100110/bin/../lib/gcc/avr/4.3.3/../../../../avr/lib/avr6/crtm2560.o
__init                                            c:/winavr-20100110/bin/../lib/gcc/avr/4.3.3/../../../../avr/lib/avr6/crtm2560.o
__ltsf2                                           c:/winavr-20100110/bin/../lib/gcc/avr/4.3.3/avr6\libgcc.a(_lt_sf.o)
                                                  obj\Debug\main.o
__mulsf3                                          c:/winavr-20100110/bin/../lib/gcc/avr/4.3.3/avr6\libgcc.a(_mul_sf.o)
                                                  obj\Debug\main.o
__pack_f                                          c:/winavr-20100110/bin/../lib/gcc/avr/4.3.3/avr6\libgcc.a(_pack_sf.o)
                                                  c:/winavr-20100110/bin/../lib/gcc/avr/4.3.3/avr6\libgcc.a(_usi_to_sf.o)
                                                  c:/winavr-20100110/bin/../lib/gcc/avr/4.3.3/avr6\libgcc.a(_div_sf.o)
                                                  c:/winavr-20100110/bin/../lib/gcc/avr/4.3.3/avr6\libgcc.a(_mul_sf.o)
                                                  c:/winavr-20100110/bin/../lib/gcc/avr/4.3.3/avr6\libgcc.a(_addsub_sf.o)
__prologue_saves__                                c:/winavr-20100110/bin/../lib/gcc/avr/4.3.3/avr6\libgcc.a(_prologue.o)
                                                  c:/winavr-20100110/bin/../lib/gcc/avr/4.3.3/avr6\libgcc.a(_usi_to_sf.o)
                                                  c:/winavr-20100110/bin/../lib/gcc/avr/4.3.3/avr6\libgcc.a(_sf_to_si.o)
                                                  c:/winavr-20100110/bin/../lib/gcc/avr/4.3.3/avr6\libgcc.a(_lt_sf.o)
                                                  c:/winavr-20100110/bin/../lib/gcc/avr/4.3.3/avr6\libgcc.a(_ge_sf.o)
                                                  c:/winavr-20100110/bin/../lib/gcc/avr/4.3.3/avr6\libgcc.a(_gt_sf.o)
                                                  c:/winavr-20100110/bin/../lib/gcc/avr/4.3.3/avr6\libgcc.a(_div_sf.o)
                                                  c:/winavr-20100110/bin/../lib/gcc/avr/4.3.3/avr6\libgcc.a(_mul_sf.o)
                                                  c:/winavr-20100110/bin/../lib/gcc/avr/4.3.3/avr6\libgcc.a(_addsub_sf.o)
__stack                                           c:/winavr-20100110/bin/../lib/gcc/avr/4.3.3/../../../../avr/lib/avr6/crtm2560.o
__subsf3                                          c:/winavr-20100110/bin/../lib/gcc/avr/4.3.3/avr6\libgcc.a(_addsub_sf.o)
                                                  c:/winavr-20100110/bin/../lib/gcc/avr/4.3.3/avr6\libgcc.a(_fixunssfsi.o)
__thenan_sf                                       c:/winavr-20100110/bin/../lib/gcc/avr/4.3.3/avr6\libgcc.a(_thenan_sf.o)
                                                  c:/winavr-20100110/bin/../lib/gcc/avr/4.3.3/avr6\libgcc.a(_div_sf.o)
                                                  c:/winavr-20100110/bin/../lib/gcc/avr/4.3.3/avr6\libgcc.a(_mul_sf.o)
                                                  c:/winavr-20100110/bin/../lib/gcc/avr/4.3.3/avr6\libgcc.a(_addsub_sf.o)
__unpack_f                                        c:/winavr-20100110/bin/../lib/gcc/avr/4.3.3/avr6\libgcc.a(_unpack_sf.o)
                                                  c:/winavr-20100110/bin/../lib/gcc/avr/4.3.3/avr6\libgcc.a(_sf_to_si.o)
                                                  c:/winavr-20100110/bin/../lib/gcc/avr/4.3.3/avr6\libgcc.a(_lt_sf.o)
                                                  c:/winavr-20100110/bin/../lib/gcc/avr/4.3.3/avr6\libgcc.a(_ge_sf.o)
                                                  c:/winavr-20100110/bin/../lib/gcc/avr/4.3.3/avr6\libgcc.a(_gt_sf.o)
                                                  c:/winavr-20100110/bin/../lib/gcc/avr/4.3.3/avr6\libgcc.a(_div_sf.o)
                                                  c:/winavr-20100110/bin/../lib/gcc/avr/4.3.3/avr6\libgcc.a(_mul_sf.o)
                                                  c:/winavr-20100110/bin/../lib/gcc/avr/4.3.3/avr6\libgcc.a(_addsub_sf.o)
__vector_1                                        c:/winavr-20100110/bin/../lib/gcc/avr/4.3.3/../../../../avr/lib/avr6/crtm2560.o
__vector_10                                       c:/winavr-20100110/bin/../lib/gcc/avr/4.3.3/../../../../avr/lib/avr6/crtm2560.o
__vector_11                                       c:/winavr-20100110/bin/../lib/gcc/avr/4.3.3/../../../../avr/lib/avr6/crtm2560.o
__vector_12                                       c:/winavr-20100110/bin/../lib/gcc/avr/4.3.3/../../../../avr/lib/avr6/crtm2560.o
__vector_13                                       c:/winavr-20100110/bin/../lib/gcc/avr/4.3.3/../../../../avr/lib/avr6/crtm2560.o
__vector_14                                       c:/winavr-20100110/bin/../lib/gcc/avr/4.3.3/../../../../avr/lib/avr6/crtm2560.o
__vector_15                                       c:/winavr-20100110/bin/../lib/gcc/avr/4.3.3/../../../../avr/lib/avr6/crtm2560.o
__vector_16                                       c:/winavr-20100110/bin/../lib/gcc/avr/4.3.3/../../../../avr/lib/avr6/crtm2560.o
__vector_17                                       c:/winavr-20100110/bin/../lib/gcc/avr/4.3.3/../../../../avr/lib/avr6/crtm2560.o
__vector_18                                       c:/winavr-20100110/bin/../lib/gcc/avr/4.3.3/../../../../avr/lib/avr6/crtm2560.o
__vector_19                                       c:/winavr-20100110/bin/../lib/gcc/avr/4.3.3/../../../../avr/lib/avr6/crtm2560.o
__vector_2                                        c:/winavr-20100110/bin/../lib/gcc/avr/4.3.3/../../../../avr/lib/avr6/crtm2560.o
__vector_20                                       c:/winavr-20100110/bin/../lib/gcc/avr/4.3.3/../../../../avr/lib/avr6/crtm2560.o
__vector_21                                       c:/winavr-20100110/bin/../lib/gcc/avr/4.3.3/../../../../avr/lib/avr6/crtm2560.o
__vector_22                                       c:/winavr-20100110/bin/../lib/gcc/avr/4.3.3/../../../../avr/lib/avr6/crtm2560.o
__vector_23                                       c:/winavr-20100110/bin/../lib/gcc/avr/4.3.3/../../../../avr/lib/avr6/crtm2560.o
__vector_24                                       c:/winavr-20100110/bin/../lib/gcc/avr/4.3.3/../../../../avr/lib/avr6/crtm2560.o
__vector_25                                       c:/winavr-20100110/bin/../lib/gcc/avr/4.3.3/../../../../avr/lib/avr6/crtm2560.o
__vector_26                                       c:/winavr-20100110/bin/../lib/gcc/avr/4.3.3/../../../../avr/lib/avr6/crtm2560.o
__vector_27                                       c:/winavr-20100110/bin/../lib/gcc/avr/4.3.3/../../../../avr/lib/avr6/crtm2560.o
__vector_28                                       c:/winavr-20100110/bin/../lib/gcc/avr/4.3.3/../../../../avr/lib/avr6/crtm2560.o
__vector_29                                       c:/winavr-20100110/bin/../lib/gcc/avr/4.3.3/../../../../avr/lib/avr6/crtm2560.o
__vector_3                                        c:/winavr-20100110/bin/../lib/gcc/avr/4.3.3/../../../../avr/lib/avr6/crtm2560.o
__vector_30                                       c:/winavr-20100110/bin/../lib/gcc/avr/4.3.3/../../../../avr/lib/avr6/crtm2560.o
__vector_31                                       c:/winavr-20100110/bin/../lib/gcc/avr/4.3.3/../../../../avr/lib/avr6/crtm2560.o
__vector_32                                       c:/winavr-20100110/bin/../lib/gcc/avr/4.3.3/../../../../avr/lib/avr6/crtm2560.o
__vector_33                                       c:/winavr-20100110/bin/../lib/gcc/avr/4.3.3/../../../../avr/lib/avr6/crtm2560.o
__vector_34                                       c:/winavr-20100110/bin/../lib/gcc/avr/4.3.3/../../../../avr/lib/avr6/crtm2560.o
__vector_35                                       c:/winavr-20100110/bin/../lib/gcc/avr/4.3.3/../../../../avr/lib/avr6/crtm2560.o
__vector_36                                       c:/winavr-20100110/bin/../lib/gcc/avr/4.3.3/../../../../avr/lib/avr6/crtm2560.o
__vector_37                                       c:/winavr-20100110/bin/../lib/gcc/avr/4.3.3/../../../../avr/lib/avr6/crtm2560.o
__vector_38                                       c:/winavr-20100110/bin/../lib/gcc/avr/4.3.3/../../../../avr/lib/avr6/crtm2560.o
__vector_39                                       c:/winavr-20100110/bin/../lib/gcc/avr/4.3.3/../../../../avr/lib/avr6/crtm2560.o
__vector_4                                        c:/winavr-20100110/bin/../lib/gcc/avr/4.3.3/../../../../avr/lib/avr6/crtm2560.o
__vector_40                                       c:/winavr-20100110/bin/../lib/gcc/avr/4.3.3/../../../../avr/lib/avr6/crtm2560.o
__vector_41                                       c:/winavr-20100110/bin/../lib/gcc/avr/4.3.3/../../../../avr/lib/avr6/crtm2560.o
__vector_42                                       c:/winavr-20100110/bin/../lib/gcc/avr/4.3.3/../../../../avr/lib/avr6/crtm2560.o
__vector_43                                       c:/winavr-20100110/bin/../lib/gcc/avr/4.3.3/../../../../avr/lib/avr6/crtm2560.o
__vector_44                                       c:/winavr-20100110/bin/../lib/gcc/avr/4.3.3/../../../../avr/lib/avr6/crtm2560.o
__vector_45                                       c:/winavr-20100110/bin/../lib/gcc/avr/4.3.3/../../../../avr/lib/avr6/crtm2560.o
__vector_46                                       c:/winavr-20100110/bin/../lib/gcc/avr/4.3.3/../../../../avr/lib/avr6/crtm2560.o
__vector_47                                       c:/winavr-20100110/bin/../lib/gcc/avr/4.3.3/../../../../avr/lib/avr6/crtm2560.o
__vector_48                                       c:/winavr-20100110/bin/../lib/gcc/avr/4.3.3/../../../../avr/lib/avr6/crtm2560.o
__vector_49                                       c:/winavr-20100110/bin/../lib/gcc/avr/4.3.3/../../../../avr/lib/avr6/crtm2560.o
__vector_5                                        c:/winavr-20100110/bin/../lib/gcc/avr/4.3.3/../../../../avr/lib/avr6/crtm2560.o
__vector_50                                       c:/winavr-20100110/bin/../lib/gcc/avr/4.3.3/../../../../avr/lib/avr6/crtm2560.o
__vector_51                                       c:/winavr-20100110/bin/../lib/gcc/avr/4.3.3/../../../../avr/lib/avr6/crtm2560.o
__vector_52                                       c:/winavr-20100110/bin/../lib/gcc/avr/4.3.3/../../../../avr/lib/avr6/crtm2560.o
__vector_53                                       c:/winavr-20100110/bin/../lib/gcc/avr/4.3.3/../../../../avr/lib/avr6/crtm2560.o
__vector_54                                       c:/winavr-20100110/bin/../lib/gcc/avr/4.3.3/../../../../avr/lib/avr6/crtm2560.o
__vector_55                                       c:/winavr-20100110/bin/../lib/gcc/avr/4.3.3/../../../../avr/lib/avr6/crtm2560.o
__vector_56                                       c:/winavr-20100110/bin/../lib/gcc/avr/4.3.3/../../../../avr/lib/avr6/crtm2560.o
__vector_6                                        c:/winavr-20100110/bin/../lib/gcc/avr/4.3.3/../../../../avr/lib/avr6/crtm2560.o
__vector_7                                        c:/winavr-20100110/bin/../lib/gcc/avr/4.3.3/../../../../avr/lib/avr6/crtm2560.o
__vector_8                                        c:/winavr-20100110/bin/../lib/gcc/avr/4.3.3/../../../../avr/lib/avr6/crtm2560.o
__vector_9                                        c:/winavr-20100110/bin/../lib/gcc/avr/4.3.3/../../../../avr/lib/avr6/crtm2560.o
__vector_default                                  c:/winavr-20100110/bin/../lib/gcc/avr/4.3.3/../../../../avr/lib/avr6/crtm2560.o
__vectors                                         c:/winavr-20100110/bin/../lib/gcc/avr/4.3.3/../../../../avr/lib/avr6/crtm2560.o
_exit                                             c:/winavr-20100110/bin/../lib/gcc/avr/4.3.3/avr6\libgcc.a(_exit.o)
exit                                              c:/winavr-20100110/bin/../lib/gcc/avr/4.3.3/avr6\libgcc.a(_exit.o)
                                                  c:/winavr-20100110/bin/../lib/gcc/avr/4.3.3/../../../../avr/lib/avr6/crtm2560.o
init_devices                                      obj\Debug\main.o
main                                              obj\Debug\main.o
                                                  c:/winavr-20100110/bin/../lib/gcc/avr/4.3.3/../../../../avr/lib/avr6/crtm2560.o
port_init                                         obj\Debug\main.o
servo1_pin_config                                 obj\Debug\main.o
servo2_pin_config                                 obj\Debug\main.o
servo3_pin_config                                 obj\Debug\main.o
servo_1                                           obj\Debug\main.o
servo_1_free                                      obj\Debug\main.o
servo_2                                           obj\Debug\main.o
servo_2_free                                      obj\Debug\main.o
servo_3                                           obj\Debug\main.o
servo_3_free                                      obj\Debug\main.o
timer1_init                                       obj\Debug\main.o
